
Map of Debug\i2c_slave_driver.sm8 from link file Debug\i2c_slave_driver.lkf - Mon Jul 03 22:47:10 2017


                               --------
                               Segments
                               --------

start 00008080 end 000081ce length   334 segment .const
start 000081f6 end 000096e2 length  5356 segment .text
start 00004000 end 00004000 length     0 segment .eeprom
start 00000000 end 00000020 length    32 segment .bsct, initialized
start 000081d6 end 000081f6 length    32 segment .bsct, from
start 00000020 end 000000a9 length   137 segment .ubsct
start 000000a9 end 000000a9 length     0 segment .bit
start 000000a9 end 000000a9 length     0 segment .share
start 00000100 end 00000100 length     0 segment .data
start 00000100 end 00000100 length     0 segment .bss
start 00000000 end 0000b3de length 46046 segment .debug
start 00008000 end 00008080 length   128 segment .const
start 000081ce end 000081d6 length     8 segment .init


                               -------
                               Modules
                               -------

D:\Program Files (x86)\COSMIC\CXSTM8\Lib\crtsi0.sm8:
start 000081f6 end 00008241 length    75 section .text
start 00000100 end 00000100 length     0 section .bss
start 00000020 end 00000020 length     0 section .ubsct

Debug\stm8s_adc1.o:
start 00000000 end 000015f1 length  5617 section .debug
start ******** end ******** length     0 section .text *** removed ***
start ******** end ******** length     0 section .text *** removed ***
start ******** end ******** length     0 section .text *** removed ***
start ******** end ******** length     0 section .text *** removed ***
start ******** end ******** length     0 section .text *** removed ***
start ******** end ******** length     0 section .text *** removed ***
start ******** end ******** length     0 section .text *** removed ***
start ******** end ******** length     0 section .text *** removed ***
start ******** end ******** length     0 section .text *** removed ***
start ******** end ******** length     0 section .text *** removed ***
start ******** end ******** length     0 section .text *** removed ***
start ******** end ******** length     0 section .text *** removed ***
start ******** end ******** length     0 section .text *** removed ***
start ******** end ******** length     0 section .text *** removed ***
start ******** end ******** length     0 section .text *** removed ***
start ******** end ******** length     0 section .text *** removed ***
start ******** end ******** length     0 section .text *** removed ***
start ******** end ******** length     0 section .text *** removed ***
start ******** end ******** length     0 section .text *** removed ***
start ******** end ******** length     0 section .text *** removed ***
start ******** end ******** length     0 section .text *** removed ***
start ******** end ******** length     0 section .const *** removed ***

Debug\stm8s_clk.o:
start 000015f1 end 00002c60 length  5743 section .debug
start 00008080 end 000080c6 length    70 section .const
start ******** end ******** length     0 section .text *** removed ***
start ******** end ******** length     0 section .text *** removed ***
start ******** end ******** length     0 section .text *** removed ***
start ******** end ******** length     0 section .text *** removed ***
start ******** end ******** length     0 section .text *** removed ***
start ******** end ******** length     0 section .text *** removed ***
start ******** end ******** length     0 section .text *** removed ***
start ******** end ******** length     0 section .text *** removed ***
start 00008241 end 0000832f length   238 section .text
start ******** end ******** length     0 section .text *** removed ***
start ******** end ******** length     0 section .text *** removed ***
start ******** end ******** length     0 section .text *** removed ***
start ******** end ******** length     0 section .text *** removed ***
start ******** end ******** length     0 section .text *** removed ***
start ******** end ******** length     0 section .text *** removed ***
start ******** end ******** length     0 section .text *** removed ***
start ******** end ******** length     0 section .text *** removed ***
start ******** end ******** length     0 section .text *** removed ***
start ******** end ******** length     0 section .text *** removed ***
start ******** end ******** length     0 section .text *** removed ***
start ******** end ******** length     0 section .text *** removed ***
start ******** end ******** length     0 section .text *** removed ***
start ******** end ******** length     0 section .text *** removed ***

Debug\stm8s_exti.o:
start 00002c60 end 000030ef length  1167 section .debug
start 0000832f end 00008338 length     9 section .text
start 00008338 end 00008406 length   206 section .text
start ******** end ******** length     0 section .text *** removed ***
start ******** end ******** length     0 section .text *** removed ***
start ******** end ******** length     0 section .text *** removed ***
start 000080c6 end 00008101 length    59 section .const

Debug\stm8s_gpio.o:
start 000030ef end 00003af9 length  2570 section .debug
start ******** end ******** length     0 section .text *** removed ***
start 00008406 end 000084e2 length   220 section .text
start ******** end ******** length     0 section .text *** removed ***
start 000084e2 end 000084e9 length     7 section .text
start 000084e9 end 000084f1 length     8 section .text
start ******** end ******** length     0 section .text *** removed ***
start 000084f1 end 000084f3 length     2 section .text
start 000084f3 end 000084f6 length     3 section .text
start ******** end ******** length     0 section .text *** removed ***
start ******** end ******** length     0 section .text *** removed ***
start 00008101 end 0000813c length    59 section .const

Debug\stm8s_i2c.o:
start 00003af9 end 0000509a length  5537 section .debug
start ******** end ******** length     0 section .text *** removed ***
start ******** end ******** length     0 section .const *** removed ***
start ******** end ******** length     0 section .text *** removed ***
start ******** end ******** length     0 section .text *** removed ***
start ******** end ******** length     0 section .text *** removed ***
start ******** end ******** length     0 section .text *** removed ***
start ******** end ******** length     0 section .text *** removed ***
start ******** end ******** length     0 section .text *** removed ***
start ******** end ******** length     0 section .text *** removed ***
start ******** end ******** length     0 section .text *** removed ***
start ******** end ******** length     0 section .text *** removed ***
start ******** end ******** length     0 section .text *** removed ***
start ******** end ******** length     0 section .text *** removed ***
start ******** end ******** length     0 section .text *** removed ***
start ******** end ******** length     0 section .text *** removed ***
start ******** end ******** length     0 section .text *** removed ***
start ******** end ******** length     0 section .text *** removed ***
start ******** end ******** length     0 section .text *** removed ***
start ******** end ******** length     0 section .text *** removed ***
start ******** end ******** length     0 section .text *** removed ***
start ******** end ******** length     0 section .text *** removed ***

Debug\stm8s_iwdg.o:
start 0000509a end 0000543c length   930 section .debug
start ******** end ******** length     0 section .text *** removed ***
start ******** end ******** length     0 section .text *** removed ***
start ******** end ******** length     0 section .text *** removed ***
start ******** end ******** length     0 section .text *** removed ***
start ******** end ******** length     0 section .text *** removed ***
start ******** end ******** length     0 section .const *** removed ***

Debug\stm8s_tim2.o:
start 0000543c end 00007750 length  8980 section .debug
start ******** end ******** length     0 section .text *** removed ***
start 000084f6 end 00008506 length    16 section .text
start ******** end ******** length     0 section .text *** removed ***
start ******** end ******** length     0 section .text *** removed ***
start ******** end ******** length     0 section .text *** removed ***
start ******** end ******** length     0 section .text *** removed ***
start ******** end ******** length     0 section .text *** removed ***
start 00008506 end 00008531 length    43 section .text
start 00008531 end 00008584 length    83 section .text
start ******** end ******** length     0 section .text *** removed ***
start ******** end ******** length     0 section .text *** removed ***
start ******** end ******** length     0 section .text *** removed ***
start ******** end ******** length     0 section .text *** removed ***
start ******** end ******** length     0 section .text *** removed ***
start ******** end ******** length     0 section .text *** removed ***
start ******** end ******** length     0 section .text *** removed ***
start ******** end ******** length     0 section .text *** removed ***
start ******** end ******** length     0 section .text *** removed ***
start ******** end ******** length     0 section .text *** removed ***
start ******** end ******** length     0 section .text *** removed ***
start ******** end ******** length     0 section .text *** removed ***
start ******** end ******** length     0 section .text *** removed ***
start ******** end ******** length     0 section .text *** removed ***
start ******** end ******** length     0 section .text *** removed ***
start ******** end ******** length     0 section .text *** removed ***
start ******** end ******** length     0 section .text *** removed ***
start ******** end ******** length     0 section .text *** removed ***
start 00008584 end 0000858d length     9 section .text
start ******** end ******** length     0 section .text *** removed ***
start ******** end ******** length     0 section .text *** removed ***
start ******** end ******** length     0 section .text *** removed ***
start ******** end ******** length     0 section .text *** removed ***
start ******** end ******** length     0 section .text *** removed ***
start ******** end ******** length     0 section .text *** removed ***
start ******** end ******** length     0 section .text *** removed ***
start ******** end ******** length     0 section .text *** removed ***
start ******** end ******** length     0 section .text *** removed ***
start ******** end ******** length     0 section .text *** removed ***
start ******** end ******** length     0 section .text *** removed ***
start ******** end ******** length     0 section .text *** removed ***
start 0000858d end 000085bd length    48 section .text
start ******** end ******** length     0 section .text *** removed ***
start 000085bd end 000085e0 length    35 section .text
start ******** end ******** length     0 section .text *** removed ***
start ******** end ******** length     0 section .text *** removed ***
start ******** end ******** length     0 section .text *** removed ***
start 0000813c end 00008177 length    59 section .const

Debug\stm8s_tim4.o:
start 00007750 end 00008307 length  2999 section .debug
start ******** end ******** length     0 section .text *** removed ***
start 000085e0 end 00008627 length    71 section .text
start 00008627 end 00008652 length    43 section .text
start 00008652 end 000086a1 length    79 section .text
start ******** end ******** length     0 section .text *** removed ***
start ******** end ******** length     0 section .text *** removed ***
start ******** end ******** length     0 section .text *** removed ***
start ******** end ******** length     0 section .text *** removed ***
start ******** end ******** length     0 section .text *** removed ***
start ******** end ******** length     0 section .text *** removed ***
start ******** end ******** length     0 section .text *** removed ***
start 000086a1 end 000086a5 length     4 section .text
start ******** end ******** length     0 section .text *** removed ***
start ******** end ******** length     0 section .text *** removed ***
start ******** end ******** length     0 section .text *** removed ***
start 000086a5 end 000086c5 length    32 section .text
start ******** end ******** length     0 section .text *** removed ***
start 000086c5 end 000086e5 length    32 section .text
start 00008177 end 000081b2 length    59 section .const

Debug\stm8s_uart1.o:
start 00008307 end 000096f3 length  5100 section .debug
start ******** end ******** length     0 section .text *** removed ***
start ******** end ******** length     0 section .const *** removed ***
start ******** end ******** length     0 section .text *** removed ***
start ******** end ******** length     0 section .text *** removed ***
start ******** end ******** length     0 section .text *** removed ***
start ******** end ******** length     0 section .text *** removed ***
start ******** end ******** length     0 section .text *** removed ***
start ******** end ******** length     0 section .text *** removed ***
start ******** end ******** length     0 section .text *** removed ***
start ******** end ******** length     0 section .text *** removed ***
start ******** end ******** length     0 section .text *** removed ***
start ******** end ******** length     0 section .text *** removed ***
start ******** end ******** length     0 section .text *** removed ***
start ******** end ******** length     0 section .text *** removed ***
start ******** end ******** length     0 section .text *** removed ***
start ******** end ******** length     0 section .text *** removed ***
start ******** end ******** length     0 section .text *** removed ***
start ******** end ******** length     0 section .text *** removed ***
start ******** end ******** length     0 section .text *** removed ***
start ******** end ******** length     0 section .text *** removed ***
start ******** end ******** length     0 section .text *** removed ***
start ******** end ******** length     0 section .text *** removed ***
start ******** end ******** length     0 section .text *** removed ***
start ******** end ******** length     0 section .text *** removed ***
start ******** end ******** length     0 section .text *** removed ***
start ******** end ******** length     0 section .text *** removed ***

Debug\i2c_slave_interrupt.o:
start 00000000 end 00000003 length     3 section .bsct
start 00000020 end 00000091 length   113 section .ubsct
start 000096f3 end 0000a2bd length  3018 section .debug
start 000086e5 end 0000871e length    57 section .text
start 0000871e end 0000874f length    49 section .text
start 0000874f end 00008794 length    69 section .text
start 00008794 end 00008799 length     5 section .text
start 00008799 end 00008926 length   397 section .text
start 00008926 end 00008963 length    61 section .text
start 00008963 end 00008996 length    51 section .text
start 00008996 end 000089bd length    39 section .text
start 000089bd end 000089f4 length    55 section .text
start 000089f4 end 000089fd length     9 section .text
start ******** end ******** length     0 section .text *** removed ***
start 000089fd end 00008a16 length    25 section .text
start 00008a16 end 00008a21 length    11 section .text
start 00008a21 end 00008ab9 length   152 section .text
start 00008ab9 end 00008ad4 length    27 section .text
start 000081b2 end 000081b6 length     4 section .const

Debug\main.o:
start 00000003 end 00000020 length    29 section .bsct
start 00000091 end 0000009f length    14 section .ubsct
start 0000a2bd end 0000ab8d length  2256 section .debug
start 00008ad4 end 00008afe length    42 section .text
start 00008afe end 00008c1e length   288 section .text
start 00008c1e end 00008c20 length     2 section .text
start 00008c20 end 00008c54 length    52 section .text
start 00008c54 end 00008ca7 length    83 section .text
start 00008ca7 end 00008cb4 length    13 section .text
start 00008cb4 end 00008d89 length   213 section .text
start 00008d89 end 00008da6 length    29 section .text
start 00008da6 end 00008e20 length   122 section .text
start 00008e20 end 00008e43 length    35 section .text
start 00008e43 end 00008eb6 length   115 section .text
start 00008eb6 end 00008ef3 length    61 section .text
start 00008ef3 end 00008f37 length    68 section .text
start 00008f37 end 00008f80 length    73 section .text
start 00008f80 end 00009017 length   151 section .text
start 00009017 end 00009388 length   881 section .text
start 000081b6 end 000081ce length    24 section .const

Debug\stm8s_it.o:
start 0000ab8d end 0000b0ef length  1378 section .debug
start ******** end ******** length     0 section .text *** removed ***
start ******** end ******** length     0 section .text *** removed ***
start ******** end ******** length     0 section .text *** removed ***
start ******** end ******** length     0 section .text *** removed ***
start ******** end ******** length     0 section .text *** removed ***
start ******** end ******** length     0 section .text *** removed ***
start ******** end ******** length     0 section .text *** removed ***
start ******** end ******** length     0 section .text *** removed ***
start ******** end ******** length     0 section .text *** removed ***
start ******** end ******** length     0 section .text *** removed ***
start ******** end ******** length     0 section .text *** removed ***
start ******** end ******** length     0 section .text *** removed ***
start ******** end ******** length     0 section .text *** removed ***
start ******** end ******** length     0 section .text *** removed ***
start ******** end ******** length     0 section .text *** removed ***
start ******** end ******** length     0 section .text *** removed ***
start ******** end ******** length     0 section .text *** removed ***
start ******** end ******** length     0 section .text *** removed ***

Debug\uart_printf.o:
start 0000b0ef end 0000b273 length   388 section .debug
start ******** end ******** length     0 section .text *** removed ***
start ******** end ******** length     0 section .text *** removed ***
start ******** end ******** length     0 section .text *** removed ***

(D:\Program Files (x86)\COSMIC\CXSTM8\Lib\libm0.sm8)ctof.o:
start 00009388 end 00009390 length     8 section .text

(D:\Program Files (x86)\COSMIC\CXSTM8\Lib\libm0.sm8)fcmp.o:
start 00009390 end 000093c6 length    54 section .text

(D:\Program Files (x86)\COSMIC\CXSTM8\Lib\libm0.sm8)fdiv.o:
start 000093c6 end 0000944a length   132 section .text

(D:\Program Files (x86)\COSMIC\CXSTM8\Lib\libm0.sm8)fgadd.o:
start 0000944a end 00009452 length     8 section .text

(D:\Program Files (x86)\COSMIC\CXSTM8\Lib\libm0.sm8)fadd.o:
start 00009452 end 0000952f length   221 section .text

(D:\Program Files (x86)\COSMIC\CXSTM8\Lib\libm0.sm8)fmul.o:
start 0000952f end 00009604 length   213 section .text

(D:\Program Files (x86)\COSMIC\CXSTM8\Lib\libm0.sm8)ftol.o:
start 00009604 end 00009666 length    98 section .text

(D:\Program Files (x86)\COSMIC\CXSTM8\Lib\libm0.sm8)itof.o:
start 00009666 end 00009694 length    46 section .text

(D:\Program Files (x86)\COSMIC\CXSTM8\Lib\libm0.sm8)lgsbc.o:
start 00009694 end 000096aa length    22 section .text

(D:\Program Files (x86)\COSMIC\CXSTM8\Lib\libm0.sm8)lreg.o:
start 0000009f end 000000a3 length     4 section .ubsct

(D:\Program Files (x86)\COSMIC\CXSTM8\Lib\libm0.sm8)lrzmp.o:
start 000096aa end 000096bd length    19 section .text

(D:\Program Files (x86)\COSMIC\CXSTM8\Lib\libm0.sm8)ltor.o:
start 000096bd end 000096cf length    18 section .text

(D:\Program Files (x86)\COSMIC\CXSTM8\Lib\libm0.sm8)rtol.o:
start 000096cf end 000096e1 length    18 section .text

(D:\Program Files (x86)\COSMIC\CXSTM8\Lib\libm0.sm8)xreg.o:
start 000000a3 end 000000a6 length     3 section .ubsct

(D:\Program Files (x86)\COSMIC\CXSTM8\Lib\libm0.sm8)yreg.o:
start 000000a6 end 000000a9 length     3 section .ubsct

Debug\stm8_interrupt_vector.o:
start 0000b273 end 0000b3de length   363 section .debug
start 000096e1 end 000096e2 length     1 section .text
start 00008000 end 00008080 length   128 section .const


                             -----------
                             Stack usage
                             -----------

Debug\i2c_slave_interrupt.o:
_Check_Sum                       7   (7)
_I2C_byte_received               3   (3)
_I2C_byte_write                  2   (2)
_I2C_receive_begin               2   (2)
_I2C_transaction_begin          63   (7)
_I2C_transaction_end             2   (2)
_IIC_SlaveConfig                 2   (2)
_i2c_init_message               21   (5)
_init_device_info               56   (35)
_mymemcpy                       16   (14)
_rev_action_dimmer_OK           56   (35)
_rev_action_dimmer_done         56   (35)
_rev_heart_breat                56   (35)
f_I2C_Slave_check_event     >   74   (11)

Debug\main.o:
L11_TIMER2_Init                 12   (2)
L31_TIMER4_Init                 12   (2)
L3_Sys_Init                     12   (2)
L5_GPIO_Config                  14   (2)
L7_ExtInterrupt_Config          12   (2)
_EraseIn                        16   (10)
_EraseOut                       19   (10)
_Linear                         16   (10)
_Swing                          19   (10)
_assert_failed                   6   (6)
_delay                           6   (6)
_lightCtrl100ms                 21   (2)
_main                       >   23   (2)
f_Ext_PortD_ISR             >   20   (11)
f_Timer2_ISR                >   20   (11)
f_Timer4_ISR                >   20   (11)

Debug\stm8_interrupt_vector.o:
f_NonHandledInterrupt       >    5   (5)

Debug\stm8s_clk.o:
_CLK_PeripheralClockConfig      10   (4)

Debug\stm8s_exti.o:
_EXTI_DeInit                     2   (2)
_EXTI_SetExtIntSensitivity      10   (4)

Debug\stm8s_gpio.o:
_GPIO_Init                      12   (6)
_GPIO_ReadInputData              2   (2)
_GPIO_ReadOutputData             2   (2)
_GPIO_WriteHigh                  5   (5)
_GPIO_WriteLow                   5   (5)

Debug\stm8s_tim2.o:
_TIM2_ClearFlag                 10   (4)
_TIM2_ClearITPendingBit          9   (3)
_TIM2_Cmd                        9   (3)
_TIM2_ITConfig                  10   (4)
_TIM2_SetAutoreload              2   (2)
_TIM2_TimeBaseInit               5   (5)

Debug\stm8s_tim4.o:
_TIM4_ClearFlag                  9   (3)
_TIM4_ClearITPendingBit          9   (3)
_TIM4_Cmd                        9   (3)
_TIM4_ITConfig                  10   (4)
_TIM4_SetAutoreload              2   (2)
_TIM4_TimeBaseInit              10   (4)

Stack size: 97


                              ---------
                              Call tree
                              ---------
   1 > __stext: (0)

   2 > _main: (2)
   3      + L11_TIMER2_Init: (2)
   4      |    + _TIM2_ClearFlag: (4)
   5      |    |    + _assert_failed: (6)
          |    | 
   6      |    + _TIM2_ITConfig: (4)
   7      |    |    + _assert_failed --> 5
          |    | 
   8      |    + _TIM2_TimeBaseInit: (5)
          | 
   9      + L31_TIMER4_Init: (2)
  10      |    + _TIM4_ClearFlag: (3)
  11      |    |    + _assert_failed --> 5
          |    | 
  12      |    + _TIM4_Cmd: (3)
  13      |    |    + _assert_failed --> 5
          |    | 
  14      |    + _TIM4_ITConfig: (4)
  15      |    |    + _assert_failed --> 5
          |    | 
  16      |    + _TIM4_TimeBaseInit: (4)
  17      |    |    + _assert_failed --> 5
          |    | 
          | 
  18      + L3_Sys_Init: (2)
  19      |    + _CLK_PeripheralClockConfig: (4)
  20      |    |    + _assert_failed --> 5
          |    | 
          | 
  21      + L5_GPIO_Config: (2)
  22      |    + _GPIO_Init: (6)
  23      |    |    + _assert_failed --> 5
          |    | 
  24      |    + _GPIO_WriteHigh: (5)
          | 
  25      + L7_ExtInterrupt_Config: (2)
  26      |    + _EXTI_DeInit: (2)
  27      |    + _EXTI_SetExtIntSensitivity: (4)
  28      |    |    + _assert_failed --> 5
          |    | 
          | 
  29      + _GPIO_Init --> 22
  30      + _GPIO_ReadInputData: (2)
  31      + _IIC_SlaveConfig: (2)
  32      + _delay: (6)
  33      + _lightCtrl100ms: (2)
  34      |    + _EraseIn: (10)
  35      |    + _EraseOut: (10)
  36      |    + _Linear: (10)
  37      |    + _Swing: (10)
          | 
       
  38 > f_Ext_PortD_ISR: (11)
  39      + _GPIO_ReadOutputData: (2)
  40      + _GPIO_WriteHigh --> 24
  41      + _GPIO_WriteLow: (5)
  42      + _TIM2_Cmd: (3)
  43      |    + _assert_failed --> 5
          | 
  44      + _TIM2_SetAutoreload: (2)
  45      + _TIM4_SetAutoreload: (2)
       
  46 > f_I2C_Slave_check_event: (11)
  47      + _I2C_byte_received: (3)
  48      + _I2C_byte_write: (2)
  49      + _I2C_receive_begin: (2)
  50      + _I2C_transaction_begin: (7)
  51      |    + _Check_Sum: (7)
  52      |    + _init_device_info: (35)
  53      |    |    + _i2c_init_message: (5)
  54      |    |    |    + _Check_Sum --> 51
  55      |    |    |    + _mymemcpy: (14)
          |    |    | 
          |    | 
  56      |    + _rev_action_dimmer_OK: (35)
  57      |    |    + _i2c_init_message --> 53
          |    | 
  58      |    + _rev_action_dimmer_done: (35)
  59      |    |    + _i2c_init_message --> 53
          |    | 
  60      |    + _rev_heart_breat: (35)
  61      |    |    + _i2c_init_message --> 53
          |    | 
          | 
  62      + _I2C_transaction_end: (2)
       
  63 > f_NonHandledInterrupt: (5)

  64 > f_Timer2_ISR: (11)
  65      + _GPIO_WriteLow --> 41
  66      + _TIM2_ClearITPendingBit: (3)
  67      |    + _assert_failed --> 5
          | 
  68      + _TIM2_Cmd --> 42
       
  69 > f_Timer4_ISR: (11)
  70      + _GPIO_WriteHigh --> 24
  71      + _TIM4_ClearITPendingBit: (3)
  72      |    + _assert_failed --> 5
          | 
       
  73   L11_TIMER2_Init --> 3

  74   L31_TIMER4_Init --> 9

  75   L3_Sys_Init --> 18

  76   L5_GPIO_Config --> 21

  77   L7_ExtInterrupt_Config --> 25

  78   _CLK_PeripheralClockConfig --> 19

  79   _Check_Sum --> 51

  80   _EXTI_DeInit --> 26

  81   _EXTI_SetExtIntSensitivity --> 27

  82   _EraseIn --> 34

  83   _EraseOut --> 35

  84   _GPIO_Init --> 22

  85   _GPIO_ReadInputData --> 30

  86   _GPIO_ReadOutputData --> 39

  87   _GPIO_WriteHigh --> 24

  88   _GPIO_WriteLow --> 41

  89   _I2C_byte_received --> 47

  90   _I2C_byte_write --> 48

  91   _I2C_receive_begin --> 49

  92   _I2C_transaction_begin --> 50

  93   _I2C_transaction_end --> 62

  94   _IIC_SlaveConfig --> 31

  95   _Linear --> 36

  96   _Swing --> 37

  97   _TIM2_ClearFlag --> 4

  98   _TIM2_ClearITPendingBit --> 66

  99   _TIM2_Cmd --> 42

 100   _TIM2_ITConfig --> 6

 101   _TIM2_SetAutoreload --> 44

 102   _TIM2_TimeBaseInit --> 8

 103   _TIM4_ClearFlag --> 10

 104   _TIM4_ClearITPendingBit --> 71

 105   _TIM4_Cmd --> 12

 106   _TIM4_ITConfig --> 14

 107   _TIM4_SetAutoreload --> 45

 108   _TIM4_TimeBaseInit --> 16

 109   _assert_failed --> 5

 110   _delay --> 32

 111   _i2c_init_message --> 53

 112   _init_device_info --> 52

 113   _lightCtrl100ms --> 33

 114   _mymemcpy --> 55

 115   _rev_action_dimmer_OK --> 56

 116   _rev_action_dimmer_done --> 58

 117   _rev_heart_breat --> 60



                               -------
                               Symbols
                               -------

_ADC1_AWDChannelConfig              ********   *** removed from Debug\stm8s_adc1.o ***
_ADC1_ClearFlag                     ********   *** removed from Debug\stm8s_adc1.o ***
_ADC1_ClearITPendingBit             ********   *** removed from Debug\stm8s_adc1.o ***
_ADC1_Cmd                           ********   *** removed from Debug\stm8s_adc1.o ***
_ADC1_ConversionConfig              ********   *** removed from Debug\stm8s_adc1.o ***
_ADC1_DataBufferCmd                 ********   *** removed from Debug\stm8s_adc1.o ***
_ADC1_DeInit                        ********   *** removed from Debug\stm8s_adc1.o ***
_ADC1_ExternalTriggerConfig         ********   *** removed from Debug\stm8s_adc1.o ***
_ADC1_GetAWDChannelStatus           ********   *** removed from Debug\stm8s_adc1.o ***
_ADC1_GetBufferValue                ********   *** removed from Debug\stm8s_adc1.o ***
_ADC1_GetConversionValue            ********   *** removed from Debug\stm8s_adc1.o ***
_ADC1_GetFlagStatus                 ********   *** removed from Debug\stm8s_adc1.o ***
_ADC1_GetITStatus                   ********   *** removed from Debug\stm8s_adc1.o ***
_ADC1_ITConfig                      ********   *** removed from Debug\stm8s_adc1.o ***
_ADC1_Init                          ********   *** removed from Debug\stm8s_adc1.o ***
_ADC1_PrescalerConfig               ********   *** removed from Debug\stm8s_adc1.o ***
_ADC1_ScanModeCmd                   ********   *** removed from Debug\stm8s_adc1.o ***
_ADC1_SchmittTriggerConfig          ********   *** removed from Debug\stm8s_adc1.o ***
_ADC1_SetHighThreshold              ********   *** removed from Debug\stm8s_adc1.o ***
_ADC1_SetLowThreshold               ********   *** removed from Debug\stm8s_adc1.o ***
_ADC1_StartConversion               ********   *** removed from Debug\stm8s_adc1.o ***
_CLKPrescTable                      00008084   defined in Debug\stm8s_clk.o section .const
_CLK_AdjustHSICalibrationValue      ********   *** removed from Debug\stm8s_clk.o ***
_CLK_CCOCmd                         ********   *** removed from Debug\stm8s_clk.o ***
_CLK_CCOConfig                      ********   *** removed from Debug\stm8s_clk.o ***
_CLK_ClearITPendingBit              ********   *** removed from Debug\stm8s_clk.o ***
_CLK_ClockSecuritySystemEnable      ********   *** removed from Debug\stm8s_clk.o ***
_CLK_ClockSwitchCmd                 ********   *** removed from Debug\stm8s_clk.o ***
_CLK_ClockSwitchConfig              ********   *** removed from Debug\stm8s_clk.o ***
_CLK_DeInit                         ********   *** removed from Debug\stm8s_clk.o ***
_CLK_FastHaltWakeUpCmd              ********   *** removed from Debug\stm8s_clk.o ***
_CLK_GetClockFreq                   ********   *** removed from Debug\stm8s_clk.o ***
_CLK_GetFlagStatus                  ********   *** removed from Debug\stm8s_clk.o ***
_CLK_GetITStatus                    ********   *** removed from Debug\stm8s_clk.o ***
_CLK_GetSYSCLKSource                ********   *** removed from Debug\stm8s_clk.o ***
_CLK_HSECmd                         ********   *** removed from Debug\stm8s_clk.o ***
_CLK_HSICmd                         ********   *** removed from Debug\stm8s_clk.o ***
_CLK_HSIPrescalerConfig             ********   *** removed from Debug\stm8s_clk.o ***
_CLK_ITConfig                       ********   *** removed from Debug\stm8s_clk.o ***
_CLK_LSICmd                         ********   *** removed from Debug\stm8s_clk.o ***
_CLK_PeripheralClockConfig          00008241   defined in Debug\stm8s_clk.o section .text
                                               used in Debug\main.o
_CLK_SWIMConfig                     ********   *** removed from Debug\stm8s_clk.o ***
_CLK_SYSCLKConfig                   ********   *** removed from Debug\stm8s_clk.o ***
_CLK_SYSCLKEmergencyClear           ********   *** removed from Debug\stm8s_clk.o ***
_CLK_SlowActiveHaltWakeUpCmd        ********   *** removed from Debug\stm8s_clk.o ***
_Check_Sum                          0000871e   defined in Debug\i2c_slave_interrupt.o section .text
_EXTI_DeInit                        0000832f   defined in Debug\stm8s_exti.o section .text
                                               used in Debug\main.o
_EXTI_GetExtIntSensitivity          ********   *** removed from Debug\stm8s_exti.o ***
_EXTI_GetTLISensitivity             ********   *** removed from Debug\stm8s_exti.o ***
_EXTI_SetExtIntSensitivity          00008338   defined in Debug\stm8s_exti.o section .text
                                               used in Debug\main.o
_EXTI_SetTLISensitivity             ********   *** removed from Debug\stm8s_exti.o ***
_EraseIn                            00008ef3   defined in Debug\main.o section .text
_EraseOut                           00008f37   defined in Debug\main.o section .text
_GPIO_DeInit                        ********   *** removed from Debug\stm8s_gpio.o ***
_GPIO_ExternalPullUpConfig          ********   *** removed from Debug\stm8s_gpio.o ***
_GPIO_Init                          00008406   defined in Debug\stm8s_gpio.o section .text
                                               used in Debug\main.o
_GPIO_ReadInputData                 000084f3   defined in Debug\stm8s_gpio.o section .text
                                               used in Debug\main.o
_GPIO_ReadInputPin                  ********   *** removed from Debug\stm8s_gpio.o ***
_GPIO_ReadOutputData                000084f1   defined in Debug\stm8s_gpio.o section .text
                                               used in Debug\main.o
_GPIO_Write                         ********   *** removed from Debug\stm8s_gpio.o ***
_GPIO_WriteHigh                     000084e2   defined in Debug\stm8s_gpio.o section .text
                                               used in Debug\main.o
_GPIO_WriteLow                      000084e9   defined in Debug\stm8s_gpio.o section .text
                                               used in Debug\main.o
_GPIO_WriteReverse                  ********   *** removed from Debug\stm8s_gpio.o ***
_GetDataIndex                       00000000   defined in Debug\i2c_slave_interrupt.o section .bsct, initialized
_HSIDivFactor                       00008080   defined in Debug\stm8s_clk.o section .const
_I2C_AcknowledgeConfig              ********   *** removed from Debug\stm8s_i2c.o ***
_I2C_CheckEvent                     ********   *** removed from Debug\stm8s_i2c.o ***
_I2C_ClearFlag                      ********   *** removed from Debug\stm8s_i2c.o ***
_I2C_ClearITPendingBit              ********   *** removed from Debug\stm8s_i2c.o ***
_I2C_Cmd                            ********   *** removed from Debug\stm8s_i2c.o ***
_I2C_DeInit                         ********   *** removed from Debug\stm8s_i2c.o ***
_I2C_FastModeDutyCycleConfig        ********   *** removed from Debug\stm8s_i2c.o ***
_I2C_GeneralCallCmd                 ********   *** removed from Debug\stm8s_i2c.o ***
_I2C_GenerateSTART                  ********   *** removed from Debug\stm8s_i2c.o ***
_I2C_GenerateSTOP                   ********   *** removed from Debug\stm8s_i2c.o ***
_I2C_GetFlagStatus                  ********   *** removed from Debug\stm8s_i2c.o ***
_I2C_GetITStatus                    ********   *** removed from Debug\stm8s_i2c.o ***
_I2C_GetLastEvent                   ********   *** removed from Debug\stm8s_i2c.o ***
_I2C_ITConfig                       ********   *** removed from Debug\stm8s_i2c.o ***
_I2C_Init                           ********   *** removed from Debug\stm8s_i2c.o ***
_I2C_ReceiveData                    ********   *** removed from Debug\stm8s_i2c.o ***
_I2C_Send7bitAddress                ********   *** removed from Debug\stm8s_i2c.o ***
_I2C_SendData                       ********   *** removed from Debug\stm8s_i2c.o ***
_I2C_SoftwareResetCmd               ********   *** removed from Debug\stm8s_i2c.o ***
_I2C_StretchClockCmd                ********   *** removed from Debug\stm8s_i2c.o ***
_I2C_byte_received                  000089fd   defined in Debug\i2c_slave_interrupt.o section .text
_I2C_byte_write                     00008a16   defined in Debug\i2c_slave_interrupt.o section .text
_I2C_receive_begin                  00008794   defined in Debug\i2c_slave_interrupt.o section .text
_I2C_transaction_begin              00008799   defined in Debug\i2c_slave_interrupt.o section .text
_I2C_transaction_end                000089f4   defined in Debug\i2c_slave_interrupt.o section .text
_I2C_transaction_receive            ********   *** removed from Debug\i2c_slave_interrupt.o ***
_IIC_RxBuffer                       00000056   defined in Debug\i2c_slave_interrupt.o section .ubsct
_IIC_SlaveConfig                    00008ab9   defined in Debug\i2c_slave_interrupt.o section .text
                                               used in Debug\main.o
_IIC_TxBuffer                       00000036   defined in Debug\i2c_slave_interrupt.o section .ubsct
_IWDG_Enable                        ********   *** removed from Debug\stm8s_iwdg.o ***
_IWDG_ReloadCounter                 ********   *** removed from Debug\stm8s_iwdg.o ***
_IWDG_SetPrescaler                  ********   *** removed from Debug\stm8s_iwdg.o ***
_IWDG_SetReload                     ********   *** removed from Debug\stm8s_iwdg.o ***
_IWDG_WriteAccessCmd                ********   *** removed from Debug\stm8s_iwdg.o ***
_Linear                             00008eb6   defined in Debug\main.o section .text
_ReceiveState                       00000001   defined in Debug\i2c_slave_interrupt.o section .bsct, initialized
_SendDataIndex                      00000002   defined in Debug\i2c_slave_interrupt.o section .bsct, initialized
_Swing                              00008f80   defined in Debug\main.o section .text
_TIM2_ARRPreloadConfig              ********   *** removed from Debug\stm8s_tim2.o ***
_TIM2_CCxCmd                        ********   *** removed from Debug\stm8s_tim2.o ***
_TIM2_ClearFlag                     0000858d   defined in Debug\stm8s_tim2.o section .text
                                               used in Debug\main.o
_TIM2_ClearITPendingBit             000085bd   defined in Debug\stm8s_tim2.o section .text
                                               used in Debug\main.o
_TIM2_Cmd                           00008506   defined in Debug\stm8s_tim2.o section .text
                                               used in Debug\main.o
_TIM2_DeInit                        ********   *** removed from Debug\stm8s_tim2.o ***
_TIM2_ForcedOC1Config               ********   *** removed from Debug\stm8s_tim2.o ***
_TIM2_ForcedOC2Config               ********   *** removed from Debug\stm8s_tim2.o ***
_TIM2_ForcedOC3Config               ********   *** removed from Debug\stm8s_tim2.o ***
_TIM2_GenerateEvent                 ********   *** removed from Debug\stm8s_tim2.o ***
_TIM2_GetCapture1                   ********   *** removed from Debug\stm8s_tim2.o ***
_TIM2_GetCapture2                   ********   *** removed from Debug\stm8s_tim2.o ***
_TIM2_GetCapture3                   ********   *** removed from Debug\stm8s_tim2.o ***
_TIM2_GetCounter                    ********   *** removed from Debug\stm8s_tim2.o ***
_TIM2_GetFlagStatus                 ********   *** removed from Debug\stm8s_tim2.o ***
_TIM2_GetITStatus                   ********   *** removed from Debug\stm8s_tim2.o ***
_TIM2_GetPrescaler                  ********   *** removed from Debug\stm8s_tim2.o ***
_TIM2_ICInit                        ********   *** removed from Debug\stm8s_tim2.o ***
_TIM2_ITConfig                      00008531   defined in Debug\stm8s_tim2.o section .text
                                               used in Debug\main.o
_TIM2_OC1Init                       ********   *** removed from Debug\stm8s_tim2.o ***
_TIM2_OC1PolarityConfig             ********   *** removed from Debug\stm8s_tim2.o ***
_TIM2_OC1PreloadConfig              ********   *** removed from Debug\stm8s_tim2.o ***
_TIM2_OC2Init                       ********   *** removed from Debug\stm8s_tim2.o ***
_TIM2_OC2PolarityConfig             ********   *** removed from Debug\stm8s_tim2.o ***
_TIM2_OC2PreloadConfig              ********   *** removed from Debug\stm8s_tim2.o ***
_TIM2_OC3Init                       ********   *** removed from Debug\stm8s_tim2.o ***
_TIM2_OC3PolarityConfig             ********   *** removed from Debug\stm8s_tim2.o ***
_TIM2_OC3PreloadConfig              ********   *** removed from Debug\stm8s_tim2.o ***
_TIM2_PWMIConfig                    ********   *** removed from Debug\stm8s_tim2.o ***
_TIM2_PrescalerConfig               ********   *** removed from Debug\stm8s_tim2.o ***
_TIM2_SelectOCxM                    ********   *** removed from Debug\stm8s_tim2.o ***
_TIM2_SelectOnePulseMode            ********   *** removed from Debug\stm8s_tim2.o ***
_TIM2_SetAutoreload                 00008584   defined in Debug\stm8s_tim2.o section .text
                                               used in Debug\main.o
_TIM2_SetCompare1                   ********   *** removed from Debug\stm8s_tim2.o ***
_TIM2_SetCompare2                   ********   *** removed from Debug\stm8s_tim2.o ***
_TIM2_SetCompare3                   ********   *** removed from Debug\stm8s_tim2.o ***
_TIM2_SetCounter                    ********   *** removed from Debug\stm8s_tim2.o ***
_TIM2_SetIC1Prescaler               ********   *** removed from Debug\stm8s_tim2.o ***
_TIM2_SetIC2Prescaler               ********   *** removed from Debug\stm8s_tim2.o ***
_TIM2_SetIC3Prescaler               ********   *** removed from Debug\stm8s_tim2.o ***
_TIM2_TimeBaseInit                  000084f6   defined in Debug\stm8s_tim2.o section .text
                                               used in Debug\main.o
_TIM2_UpdateDisableConfig           ********   *** removed from Debug\stm8s_tim2.o ***
_TIM2_UpdateRequestConfig           ********   *** removed from Debug\stm8s_tim2.o ***
_TIM4_ARRPreloadConfig              ********   *** removed from Debug\stm8s_tim4.o ***
_TIM4_ClearFlag                     000086a5   defined in Debug\stm8s_tim4.o section .text
                                               used in Debug\main.o
_TIM4_ClearITPendingBit             000086c5   defined in Debug\stm8s_tim4.o section .text
                                               used in Debug\main.o
_TIM4_Cmd                           00008627   defined in Debug\stm8s_tim4.o section .text
                                               used in Debug\main.o
_TIM4_DeInit                        ********   *** removed from Debug\stm8s_tim4.o ***
_TIM4_GenerateEvent                 ********   *** removed from Debug\stm8s_tim4.o ***
_TIM4_GetCounter                    ********   *** removed from Debug\stm8s_tim4.o ***
_TIM4_GetFlagStatus                 ********   *** removed from Debug\stm8s_tim4.o ***
_TIM4_GetITStatus                   ********   *** removed from Debug\stm8s_tim4.o ***
_TIM4_GetPrescaler                  ********   *** removed from Debug\stm8s_tim4.o ***
_TIM4_ITConfig                      00008652   defined in Debug\stm8s_tim4.o section .text
                                               used in Debug\main.o
_TIM4_PrescalerConfig               ********   *** removed from Debug\stm8s_tim4.o ***
_TIM4_SelectOnePulseMode            ********   *** removed from Debug\stm8s_tim4.o ***
_TIM4_SetAutoreload                 000086a1   defined in Debug\stm8s_tim4.o section .text
                                               used in Debug\main.o
_TIM4_SetCounter                    ********   *** removed from Debug\stm8s_tim4.o ***
_TIM4_TimeBaseInit                  000085e0   defined in Debug\stm8s_tim4.o section .text
                                               used in Debug\main.o
_TIM4_UpdateDisableConfig           ********   *** removed from Debug\stm8s_tim4.o ***
_TIM4_UpdateRequestConfig           ********   *** removed from Debug\stm8s_tim4.o ***
_Tick100ms                          00000093   defined in Debug\main.o section .ubsct
_UART1_ClearFlag                    ********   *** removed from Debug\stm8s_uart1.o ***
_UART1_ClearITPendingBit            ********   *** removed from Debug\stm8s_uart1.o ***
_UART1_Cmd                          ********   *** removed from Debug\stm8s_uart1.o ***
_UART1_DeInit                       ********   *** removed from Debug\stm8s_uart1.o ***
_UART1_GetFlagStatus                ********   *** removed from Debug\stm8s_uart1.o ***
_UART1_GetITStatus                  ********   *** removed from Debug\stm8s_uart1.o ***
_UART1_HalfDuplexCmd                ********   *** removed from Debug\stm8s_uart1.o ***
_UART1_ITConfig                     ********   *** removed from Debug\stm8s_uart1.o ***
_UART1_Init                         ********   *** removed from Debug\stm8s_uart1.o ***
_UART1_IrDACmd                      ********   *** removed from Debug\stm8s_uart1.o ***
_UART1_IrDAConfig                   ********   *** removed from Debug\stm8s_uart1.o ***
_UART1_LINBreakDetectionConfig      ********   *** removed from Debug\stm8s_uart1.o ***
_UART1_LINCmd                       ********   *** removed from Debug\stm8s_uart1.o ***
_UART1_ReceiveData8                 ********   *** removed from Debug\stm8s_uart1.o ***
_UART1_ReceiveData9                 ********   *** removed from Debug\stm8s_uart1.o ***
_UART1_ReceiverWakeUpCmd            ********   *** removed from Debug\stm8s_uart1.o ***
_UART1_SendBreak                    ********   *** removed from Debug\stm8s_uart1.o ***
_UART1_SendData8                    ********   *** removed from Debug\stm8s_uart1.o ***
_UART1_SendData9                    ********   *** removed from Debug\stm8s_uart1.o ***
_UART1_SetAddress                   ********   *** removed from Debug\stm8s_uart1.o ***
_UART1_SetGuardTime                 ********   *** removed from Debug\stm8s_uart1.o ***
_UART1_SetPrescaler                 ********   *** removed from Debug\stm8s_uart1.o ***
_UART1_SmartCardCmd                 ********   *** removed from Debug\stm8s_uart1.o ***
_UART1_SmartCardNACKCmd             ********   *** removed from Debug\stm8s_uart1.o ***
_UART1_WakeUpConfig                 ********   *** removed from Debug\stm8s_uart1.o ***
_UART_Init                          ********   *** removed from Debug\uart_printf.o ***
__endmem                            000001ff   defined in command file
                                               *** not used ***
__endzp                             000000a9   defined in command file section .ubsct
                                               used in D:\Program Files (x86)\COSMIC\CXSTM8\Lib\crtsi0.sm8
__idesc__                           000081ce   defined in linker section .init
                                               used in D:\Program Files (x86)\COSMIC\CXSTM8\Lib\crtsi0.sm8
__memory                            00000100   defined in command file section .bss
                                               used in D:\Program Files (x86)\COSMIC\CXSTM8\Lib\crtsi0.sm8
__stack                             000003ff   defined in command file
                                               used in D:\Program Files (x86)\COSMIC\CXSTM8\Lib\crtsi0.sm8
__startmem                          00000100   defined in command file section .bss
                                               *** not used ***
__stext                             000081f6   defined in D:\Program Files (x86)\COSMIC\CXSTM8\Lib\crtsi0.sm8 section .text
                                               used in Debug\stm8_interrupt_vector.o
__vectab                            00008000   defined in Debug\stm8_interrupt_vector.o section .const
_action_done                        00000076   defined in Debug\i2c_slave_interrupt.o section .ubsct
_action_flag                        00000023   defined in Debug\i2c_slave_interrupt.o section .ubsct
                                               used in Debug\main.o
_aim_bright1                        00000031   defined in Debug\i2c_slave_interrupt.o section .ubsct
                                               used in Debug\main.o
_aim_bright2                        0000002d   defined in Debug\i2c_slave_interrupt.o section .ubsct
                                               used in Debug\main.o
_assert_failed                      00008c1e   defined in Debug\main.o section .text
                                               used in Debug\stm8s_adc1.o
                                                       Debug\stm8s_clk.o
                                                       Debug\stm8s_exti.o
                                                       Debug\stm8s_gpio.o
                                                       Debug\stm8s_i2c.o
                                                       Debug\stm8s_iwdg.o
                                                       Debug\stm8s_tim2.o
                                                       Debug\stm8s_tim4.o
                                                       Debug\stm8s_uart1.o
_change_step1                       00000028   defined in Debug\i2c_slave_interrupt.o section .ubsct
                                               used in Debug\main.o
_change_step2                       00000024   defined in Debug\i2c_slave_interrupt.o section .ubsct
                                               used in Debug\main.o
_change_time                        0000002c   defined in Debug\i2c_slave_interrupt.o section .ubsct
_channel                            00000035   defined in Debug\i2c_slave_interrupt.o section .ubsct
                                               used in Debug\main.o
_delay                              00008ad4   defined in Debug\main.o section .text
_exit                               0000823f   defined in D:\Program Files (x86)\COSMIC\CXSTM8\Lib\crtsi0.sm8 section .text
_f_100ms                            00000092   defined in Debug\main.o section .ubsct
_getchar                            ********   *** removed from Debug\uart_printf.o ***
_i2c_init_message                   0000874f   defined in Debug\i2c_slave_interrupt.o section .text
_init_device_info                   00008926   defined in Debug\i2c_slave_interrupt.o section .text
_last_bright1                       0000009b   defined in Debug\main.o section .ubsct
                                               used in Debug\i2c_slave_interrupt.o
_last_bright2                       00000097   defined in Debug\main.o section .ubsct
                                               used in Debug\i2c_slave_interrupt.o
_lightCtrl100ms                     00009017   defined in Debug\main.o section .text
_main                               00008afe   defined in Debug\main.o section .text
                                               used in D:\Program Files (x86)\COSMIC\CXSTM8\Lib\crtsi0.sm8
_mymemcpy                           000086e5   defined in Debug\i2c_slave_interrupt.o section .text
_putchar                            ********   *** removed from Debug\uart_printf.o ***
_realtime_bright1                   00000096   defined in Debug\main.o section .ubsct
                                               used in Debug\i2c_slave_interrupt.o
_realtime_bright2                   00000095   defined in Debug\main.o section .ubsct
                                               used in Debug\i2c_slave_interrupt.o
_rev_action_dimmer_OK               00008996   defined in Debug\i2c_slave_interrupt.o section .text
_rev_action_dimmer_done             000089bd   defined in Debug\i2c_slave_interrupt.o section .text
_rev_heart_breat                    00008963   defined in Debug\i2c_slave_interrupt.o section .text
_slave_address                      00000077   defined in Debug\i2c_slave_interrupt.o section .ubsct
                                               used in Debug\main.o
_slc                                00000078   defined in Debug\i2c_slave_interrupt.o section .ubsct
                                               used in Debug\main.o
_sys                                00000003   defined in Debug\main.o section .bsct, initialized
_tick1s                             00000091   defined in Debug\main.o section .ubsct
c_ctof                              00009388   defined in (D:\Program Files (x86)\COSMIC\CXSTM8\Lib\libm0.sm8)ctof.o section .text
                                               used in Debug\main.o
c_fadd                              00009466   defined in (D:\Program Files (x86)\COSMIC\CXSTM8\Lib\libm0.sm8)fadd.o section .text
                                               used in (D:\Program Files (x86)\COSMIC\CXSTM8\Lib\libm0.sm8)fgadd.o
c_fcmp                              00009390   defined in (D:\Program Files (x86)\COSMIC\CXSTM8\Lib\libm0.sm8)fcmp.o section .text
                                               used in Debug\main.o
c_fdiv                              000093c6   defined in (D:\Program Files (x86)\COSMIC\CXSTM8\Lib\libm0.sm8)fdiv.o section .text
                                               used in Debug\i2c_slave_interrupt.o
c_fgadd                             0000944a   defined in (D:\Program Files (x86)\COSMIC\CXSTM8\Lib\libm0.sm8)fgadd.o section .text
                                               used in Debug\main.o
c_fmul                              0000952f   defined in (D:\Program Files (x86)\COSMIC\CXSTM8\Lib\libm0.sm8)fmul.o section .text
                                               used in Debug\main.o
c_fsub                              00009452   defined in (D:\Program Files (x86)\COSMIC\CXSTM8\Lib\libm0.sm8)fadd.o section .text
                                               used in Debug\i2c_slave_interrupt.o
                                                       Debug\main.o
c_ftoi                              00009604   defined in (D:\Program Files (x86)\COSMIC\CXSTM8\Lib\libm0.sm8)ftol.o section .text
                                               *** not used ***
c_ftol                              0000960a   defined in (D:\Program Files (x86)\COSMIC\CXSTM8\Lib\libm0.sm8)ftol.o section .text
                                               used in Debug\main.o
c_itof                              00009666   defined in (D:\Program Files (x86)\COSMIC\CXSTM8\Lib\libm0.sm8)itof.o section .text
                                               used in Debug\i2c_slave_interrupt.o
                                                       (D:\Program Files (x86)\COSMIC\CXSTM8\Lib\libm0.sm8)ctof.o
c_lgsbc                             00009694   defined in (D:\Program Files (x86)\COSMIC\CXSTM8\Lib\libm0.sm8)lgsbc.o section .text
                                               used in Debug\i2c_slave_interrupt.o
c_lreg                              0000009f   defined in (D:\Program Files (x86)\COSMIC\CXSTM8\Lib\libm0.sm8)lreg.o section .ubsct
                                               used in Debug\stm8s_clk.o
                                                       Debug\stm8s_i2c.o
                                                       Debug\stm8s_uart1.o
                                                       Debug\i2c_slave_interrupt.o
                                                       Debug\main.o
                                                       (D:\Program Files (x86)\COSMIC\CXSTM8\Lib\libm0.sm8)fcmp.o
                                                       (D:\Program Files (x86)\COSMIC\CXSTM8\Lib\libm0.sm8)fdiv.o
                                                       (D:\Program Files (x86)\COSMIC\CXSTM8\Lib\libm0.sm8)fadd.o
                                                       (D:\Program Files (x86)\COSMIC\CXSTM8\Lib\libm0.sm8)fmul.o
                                                       (D:\Program Files (x86)\COSMIC\CXSTM8\Lib\libm0.sm8)ftol.o
                                                       (D:\Program Files (x86)\COSMIC\CXSTM8\Lib\libm0.sm8)itof.o
                                                       (D:\Program Files (x86)\COSMIC\CXSTM8\Lib\libm0.sm8)lcmp.o
                                                       (D:\Program Files (x86)\COSMIC\CXSTM8\Lib\libm0.sm8)llsh.o
                                                       (D:\Program Files (x86)\COSMIC\CXSTM8\Lib\libm0.sm8)lmul.o
                                                       (D:\Program Files (x86)\COSMIC\CXSTM8\Lib\libm0.sm8)lrzmp.o
                                                       (D:\Program Files (x86)\COSMIC\CXSTM8\Lib\libm0.sm8)lsub.o
                                                       (D:\Program Files (x86)\COSMIC\CXSTM8\Lib\libm0.sm8)ltor.o
                                                       (D:\Program Files (x86)\COSMIC\CXSTM8\Lib\libm0.sm8)ldiv.o
                                                       (D:\Program Files (x86)\COSMIC\CXSTM8\Lib\libm0.sm8)lneg.o
                                                       (D:\Program Files (x86)\COSMIC\CXSTM8\Lib\libm0.sm8)lursh.o
                                                       (D:\Program Files (x86)\COSMIC\CXSTM8\Lib\libm0.sm8)rtol.o
                                                       (D:\Program Files (x86)\COSMIC\CXSTM8\Lib\libm0.sm8)smul.o
c_lrzmp                             000096aa   defined in (D:\Program Files (x86)\COSMIC\CXSTM8\Lib\libm0.sm8)lrzmp.o section .text
                                               used in Debug\i2c_slave_interrupt.o
c_ltor                              000096bd   defined in (D:\Program Files (x86)\COSMIC\CXSTM8\Lib\libm0.sm8)ltor.o section .text
                                               used in Debug\stm8s_clk.o
                                                       Debug\stm8s_i2c.o
                                                       Debug\stm8s_uart1.o
                                                       Debug\i2c_slave_interrupt.o
                                                       Debug\main.o
c_okadd                             00009470   defined in (D:\Program Files (x86)\COSMIC\CXSTM8\Lib\libm0.sm8)fadd.o section .text
c_okdiv                             000093d6   defined in (D:\Program Files (x86)\COSMIC\CXSTM8\Lib\libm0.sm8)fdiv.o section .text
                                               *** not used ***
c_okmul                             0000953d   defined in (D:\Program Files (x86)\COSMIC\CXSTM8\Lib\libm0.sm8)fmul.o section .text
                                               *** not used ***
c_oksub                             0000945c   defined in (D:\Program Files (x86)\COSMIC\CXSTM8\Lib\libm0.sm8)fadd.o section .text
                                               *** not used ***
c_rtol                              000096cf   defined in (D:\Program Files (x86)\COSMIC\CXSTM8\Lib\libm0.sm8)rtol.o section .text
                                               used in Debug\stm8s_clk.o
                                                       Debug\stm8s_i2c.o
                                                       Debug\stm8s_uart1.o
                                                       Debug\i2c_slave_interrupt.o
                                                       Debug\main.o
                                                       (D:\Program Files (x86)\COSMIC\CXSTM8\Lib\libm0.sm8)fgadd.o
c_x                                 000000a3   defined in (D:\Program Files (x86)\COSMIC\CXSTM8\Lib\libm0.sm8)xreg.o section .ubsct
                                               used in D:\Program Files (x86)\COSMIC\CXSTM8\Lib\crtsi0.sm8
                                                       Debug\i2c_slave_interrupt.o
                                                       Debug\main.o
                                                       (D:\Program Files (x86)\COSMIC\CXSTM8\Lib\libm0.sm8)fcmp.o
                                                       (D:\Program Files (x86)\COSMIC\CXSTM8\Lib\libm0.sm8)fdiv.o
                                                       (D:\Program Files (x86)\COSMIC\CXSTM8\Lib\libm0.sm8)fadd.o
                                                       (D:\Program Files (x86)\COSMIC\CXSTM8\Lib\libm0.sm8)fmul.o
                                                       (D:\Program Files (x86)\COSMIC\CXSTM8\Lib\libm0.sm8)lmul.o
                                                       (D:\Program Files (x86)\COSMIC\CXSTM8\Lib\libm0.sm8)ldiv.o
                                                       (D:\Program Files (x86)\COSMIC\CXSTM8\Lib\libm0.sm8)sdivx.o
c_y                                 000000a6   defined in (D:\Program Files (x86)\COSMIC\CXSTM8\Lib\libm0.sm8)yreg.o section .ubsct
                                               used in D:\Program Files (x86)\COSMIC\CXSTM8\Lib\crtsi0.sm8
                                                       Debug\i2c_slave_interrupt.o
                                                       Debug\main.o
f_ADC1_IRQHandler                   ********   *** removed from Debug\stm8s_it.o ***
f_AWU_IRQHandler                    ********   *** removed from Debug\stm8s_it.o ***
f_CLK_IRQHandler                    ********   *** removed from Debug\stm8s_it.o ***
f_EEPROM_EEC_IRQHandler             ********   *** removed from Debug\stm8s_it.o ***
f_EXTI_PORTA_IRQHandler             ********   *** removed from Debug\stm8s_it.o ***
f_EXTI_PORTB_IRQHandler             ********   *** removed from Debug\stm8s_it.o ***
f_EXTI_PORTC_IRQHandler             ********   *** removed from Debug\stm8s_it.o ***
f_EXTI_PORTD_IRQHandler             ********   *** removed from Debug\stm8s_it.o ***
f_EXTI_PORTE_IRQHandler             ********   *** removed from Debug\stm8s_it.o ***
f_Ext_PortD_ISR                     00008cb4   defined in Debug\main.o section .text
                                               used in Debug\stm8_interrupt_vector.o
f_I2C_Slave_check_event             00008a21   defined in Debug\i2c_slave_interrupt.o section .text
                                               used in Debug\stm8_interrupt_vector.o
f_NonHandledInterrupt               000096e1   defined in Debug\stm8_interrupt_vector.o section .text
f_SPI_IRQHandler                    ********   *** removed from Debug\stm8s_it.o ***
f_TIM1_CAP_COM_IRQHandler           ********   *** removed from Debug\stm8s_it.o ***
f_TIM1_UPD_OVF_TRG_BRK_IRQHandler   ********   *** removed from Debug\stm8s_it.o ***
f_TIM2_CAP_COM_IRQHandler           ********   *** removed from Debug\stm8s_it.o ***
f_TIM2_UPD_OVF_BRK_IRQHandler       ********   *** removed from Debug\stm8s_it.o ***
f_TLI_IRQHandler                    ********   *** removed from Debug\stm8s_it.o ***
f_TRAP_IRQHandler                   ********   *** removed from Debug\stm8s_it.o ***
f_Timer2_ISR                        00008e43   defined in Debug\main.o section .text
                                               used in Debug\stm8_interrupt_vector.o
f_Timer4_ISR                        00008da6   defined in Debug\main.o section .text
                                               used in Debug\stm8_interrupt_vector.o
f_UART1_RX_IRQHandler               ********   *** removed from Debug\stm8s_it.o ***
f_UART1_TX_IRQHandler               ********   *** removed from Debug\stm8s_it.o ***
