
Map of Debug\i2c_slave_driver.sm8 from link file Debug\i2c_slave_driver.lkf - Thu Jul 06 23:32:42 2017


                               --------
                               Segments
                               --------

start 00008080 end 0000826c length   492 segment .const
start 00008294 end 000099b4 length  5920 segment .text
start 00004000 end 00004000 length     0 segment .eeprom
start 00000000 end 00000020 length    32 segment .bsct, initialized
start 00008274 end 00008294 length    32 segment .bsct, from
start 00000020 end 000000a9 length   137 segment .ubsct
start 000000a9 end 000000a9 length     0 segment .bit
start 000000a9 end 000000a9 length     0 segment .share
start 00000100 end 00000100 length     0 segment .data
start 00000100 end 00000100 length     0 segment .bss
start 00000000 end 0000b9e1 length 47585 segment .debug
start 00008000 end 00008080 length   128 segment .const
start 0000826c end 00008274 length     8 segment .init


                               -------
                               Modules
                               -------

D:\Program Files (x86)\COSMIC\CXSTM8\Lib\crtsi0.sm8:
start 00008294 end 000082df length    75 section .text
start 00000100 end 00000100 length     0 section .bss
start 00000020 end 00000020 length     0 section .ubsct

Debug\stm8s_adc1.o:
start 00000000 end 000015f1 length  5617 section .debug
start ******** end ******** length     0 section .text *** removed ***
start ******** end ******** length     0 section .text *** removed ***
start ******** end ******** length     0 section .text *** removed ***
start ******** end ******** length     0 section .text *** removed ***
start ******** end ******** length     0 section .text *** removed ***
start ******** end ******** length     0 section .text *** removed ***
start ******** end ******** length     0 section .text *** removed ***
start ******** end ******** length     0 section .text *** removed ***
start ******** end ******** length     0 section .text *** removed ***
start ******** end ******** length     0 section .text *** removed ***
start ******** end ******** length     0 section .text *** removed ***
start ******** end ******** length     0 section .text *** removed ***
start ******** end ******** length     0 section .text *** removed ***
start ******** end ******** length     0 section .text *** removed ***
start ******** end ******** length     0 section .text *** removed ***
start ******** end ******** length     0 section .text *** removed ***
start ******** end ******** length     0 section .text *** removed ***
start ******** end ******** length     0 section .text *** removed ***
start ******** end ******** length     0 section .text *** removed ***
start ******** end ******** length     0 section .text *** removed ***
start ******** end ******** length     0 section .text *** removed ***
start ******** end ******** length     0 section .const *** removed ***

Debug\stm8s_clk.o:
start 000015f1 end 00002c60 length  5743 section .debug
start 00008080 end 000080c6 length    70 section .const
start ******** end ******** length     0 section .text *** removed ***
start ******** end ******** length     0 section .text *** removed ***
start ******** end ******** length     0 section .text *** removed ***
start ******** end ******** length     0 section .text *** removed ***
start ******** end ******** length     0 section .text *** removed ***
start ******** end ******** length     0 section .text *** removed ***
start ******** end ******** length     0 section .text *** removed ***
start ******** end ******** length     0 section .text *** removed ***
start 000082df end 000083cd length   238 section .text
start ******** end ******** length     0 section .text *** removed ***
start ******** end ******** length     0 section .text *** removed ***
start ******** end ******** length     0 section .text *** removed ***
start ******** end ******** length     0 section .text *** removed ***
start ******** end ******** length     0 section .text *** removed ***
start ******** end ******** length     0 section .text *** removed ***
start ******** end ******** length     0 section .text *** removed ***
start ******** end ******** length     0 section .text *** removed ***
start ******** end ******** length     0 section .text *** removed ***
start ******** end ******** length     0 section .text *** removed ***
start ******** end ******** length     0 section .text *** removed ***
start ******** end ******** length     0 section .text *** removed ***
start ******** end ******** length     0 section .text *** removed ***
start ******** end ******** length     0 section .text *** removed ***

Debug\stm8s_exti.o:
start 00002c60 end 000030ef length  1167 section .debug
start 000083cd end 000083d6 length     9 section .text
start 000083d6 end 000084a4 length   206 section .text
start ******** end ******** length     0 section .text *** removed ***
start ******** end ******** length     0 section .text *** removed ***
start ******** end ******** length     0 section .text *** removed ***
start 000080c6 end 00008101 length    59 section .const

Debug\stm8s_gpio.o:
start 000030ef end 00003af9 length  2570 section .debug
start ******** end ******** length     0 section .text *** removed ***
start 000084a4 end 00008580 length   220 section .text
start ******** end ******** length     0 section .text *** removed ***
start 00008580 end 00008587 length     7 section .text
start 00008587 end 0000858f length     8 section .text
start ******** end ******** length     0 section .text *** removed ***
start 0000858f end 00008591 length     2 section .text
start 00008591 end 00008594 length     3 section .text
start ******** end ******** length     0 section .text *** removed ***
start ******** end ******** length     0 section .text *** removed ***
start 00008101 end 0000813c length    59 section .const

Debug\stm8s_i2c.o:
start 00003af9 end 0000509a length  5537 section .debug
start ******** end ******** length     0 section .text *** removed ***
start ******** end ******** length     0 section .const *** removed ***
start ******** end ******** length     0 section .text *** removed ***
start ******** end ******** length     0 section .text *** removed ***
start ******** end ******** length     0 section .text *** removed ***
start ******** end ******** length     0 section .text *** removed ***
start ******** end ******** length     0 section .text *** removed ***
start ******** end ******** length     0 section .text *** removed ***
start ******** end ******** length     0 section .text *** removed ***
start ******** end ******** length     0 section .text *** removed ***
start ******** end ******** length     0 section .text *** removed ***
start ******** end ******** length     0 section .text *** removed ***
start ******** end ******** length     0 section .text *** removed ***
start ******** end ******** length     0 section .text *** removed ***
start ******** end ******** length     0 section .text *** removed ***
start ******** end ******** length     0 section .text *** removed ***
start ******** end ******** length     0 section .text *** removed ***
start ******** end ******** length     0 section .text *** removed ***
start ******** end ******** length     0 section .text *** removed ***
start ******** end ******** length     0 section .text *** removed ***
start ******** end ******** length     0 section .text *** removed ***

Debug\stm8s_itc.o:
start 0000509a end 0000569d length  1539 section .debug
start 00008594 end 00008597 length     3 section .text
start 00008597 end 000085b8 length    33 section .text
start 000085b8 end 000085be length     6 section .text
start 0000813c end 000081da length   158 section .const
start 000085be end 00008653 length   149 section .text
start 00008653 end 0000876a length   279 section .text

Debug\stm8s_iwdg.o:
start 0000569d end 00005a3f length   930 section .debug
start ******** end ******** length     0 section .text *** removed ***
start ******** end ******** length     0 section .text *** removed ***
start ******** end ******** length     0 section .text *** removed ***
start ******** end ******** length     0 section .text *** removed ***
start ******** end ******** length     0 section .text *** removed ***
start ******** end ******** length     0 section .const *** removed ***

Debug\stm8s_tim2.o:
start 00005a3f end 00007d53 length  8980 section .debug
start ******** end ******** length     0 section .text *** removed ***
start 0000876a end 0000877a length    16 section .text
start ******** end ******** length     0 section .text *** removed ***
start ******** end ******** length     0 section .text *** removed ***
start ******** end ******** length     0 section .text *** removed ***
start ******** end ******** length     0 section .text *** removed ***
start ******** end ******** length     0 section .text *** removed ***
start 0000877a end 000087a5 length    43 section .text
start 000087a5 end 000087f8 length    83 section .text
start ******** end ******** length     0 section .text *** removed ***
start ******** end ******** length     0 section .text *** removed ***
start ******** end ******** length     0 section .text *** removed ***
start ******** end ******** length     0 section .text *** removed ***
start ******** end ******** length     0 section .text *** removed ***
start ******** end ******** length     0 section .text *** removed ***
start ******** end ******** length     0 section .text *** removed ***
start ******** end ******** length     0 section .text *** removed ***
start ******** end ******** length     0 section .text *** removed ***
start ******** end ******** length     0 section .text *** removed ***
start ******** end ******** length     0 section .text *** removed ***
start ******** end ******** length     0 section .text *** removed ***
start ******** end ******** length     0 section .text *** removed ***
start ******** end ******** length     0 section .text *** removed ***
start ******** end ******** length     0 section .text *** removed ***
start ******** end ******** length     0 section .text *** removed ***
start ******** end ******** length     0 section .text *** removed ***
start ******** end ******** length     0 section .text *** removed ***
start 000087f8 end 00008801 length     9 section .text
start ******** end ******** length     0 section .text *** removed ***
start ******** end ******** length     0 section .text *** removed ***
start ******** end ******** length     0 section .text *** removed ***
start ******** end ******** length     0 section .text *** removed ***
start ******** end ******** length     0 section .text *** removed ***
start ******** end ******** length     0 section .text *** removed ***
start ******** end ******** length     0 section .text *** removed ***
start ******** end ******** length     0 section .text *** removed ***
start ******** end ******** length     0 section .text *** removed ***
start ******** end ******** length     0 section .text *** removed ***
start ******** end ******** length     0 section .text *** removed ***
start ******** end ******** length     0 section .text *** removed ***
start 00008801 end 00008831 length    48 section .text
start ******** end ******** length     0 section .text *** removed ***
start 00008831 end 00008854 length    35 section .text
start ******** end ******** length     0 section .text *** removed ***
start ******** end ******** length     0 section .text *** removed ***
start ******** end ******** length     0 section .text *** removed ***
start 000081da end 00008215 length    59 section .const

Debug\stm8s_tim4.o:
start 00007d53 end 0000890a length  2999 section .debug
start ******** end ******** length     0 section .text *** removed ***
start 00008854 end 0000889b length    71 section .text
start 0000889b end 000088c6 length    43 section .text
start 000088c6 end 00008915 length    79 section .text
start ******** end ******** length     0 section .text *** removed ***
start ******** end ******** length     0 section .text *** removed ***
start ******** end ******** length     0 section .text *** removed ***
start ******** end ******** length     0 section .text *** removed ***
start ******** end ******** length     0 section .text *** removed ***
start ******** end ******** length     0 section .text *** removed ***
start ******** end ******** length     0 section .text *** removed ***
start 00008915 end 00008919 length     4 section .text
start ******** end ******** length     0 section .text *** removed ***
start ******** end ******** length     0 section .text *** removed ***
start ******** end ******** length     0 section .text *** removed ***
start 00008919 end 00008939 length    32 section .text
start ******** end ******** length     0 section .text *** removed ***
start 00008939 end 00008959 length    32 section .text
start 00008215 end 00008250 length    59 section .const

Debug\stm8s_uart1.o:
start 0000890a end 00009cf6 length  5100 section .debug
start ******** end ******** length     0 section .text *** removed ***
start ******** end ******** length     0 section .const *** removed ***
start ******** end ******** length     0 section .text *** removed ***
start ******** end ******** length     0 section .text *** removed ***
start ******** end ******** length     0 section .text *** removed ***
start ******** end ******** length     0 section .text *** removed ***
start ******** end ******** length     0 section .text *** removed ***
start ******** end ******** length     0 section .text *** removed ***
start ******** end ******** length     0 section .text *** removed ***
start ******** end ******** length     0 section .text *** removed ***
start ******** end ******** length     0 section .text *** removed ***
start ******** end ******** length     0 section .text *** removed ***
start ******** end ******** length     0 section .text *** removed ***
start ******** end ******** length     0 section .text *** removed ***
start ******** end ******** length     0 section .text *** removed ***
start ******** end ******** length     0 section .text *** removed ***
start ******** end ******** length     0 section .text *** removed ***
start ******** end ******** length     0 section .text *** removed ***
start ******** end ******** length     0 section .text *** removed ***
start ******** end ******** length     0 section .text *** removed ***
start ******** end ******** length     0 section .text *** removed ***
start ******** end ******** length     0 section .text *** removed ***
start ******** end ******** length     0 section .text *** removed ***
start ******** end ******** length     0 section .text *** removed ***
start ******** end ******** length     0 section .text *** removed ***
start ******** end ******** length     0 section .text *** removed ***

Debug\i2c_slave_interrupt.o:
start 00000000 end 00000003 length     3 section .bsct
start 00000020 end 00000091 length   113 section .ubsct
start 00009cf6 end 0000a8c0 length  3018 section .debug
start 00008959 end 00008992 length    57 section .text
start 00008992 end 000089c3 length    49 section .text
start 000089c3 end 00008a08 length    69 section .text
start 00008a08 end 00008a0d length     5 section .text
start 00008a0d end 00008b9a length   397 section .text
start 00008b9a end 00008bd7 length    61 section .text
start 00008bd7 end 00008c0a length    51 section .text
start 00008c0a end 00008c31 length    39 section .text
start 00008c31 end 00008c68 length    55 section .text
start 00008c68 end 00008c6d length     5 section .text
start ******** end ******** length     0 section .text *** removed ***
start 00008c6d end 00008c86 length    25 section .text
start 00008c86 end 00008c91 length    11 section .text
start 00008c91 end 00008d29 length   152 section .text
start 00008d29 end 00008d44 length    27 section .text
start 00008250 end 00008254 length     4 section .const

Debug\main.o:
start 00000003 end 00000020 length    29 section .bsct
start 00000091 end 0000009f length    14 section .ubsct
start 0000a8c0 end 0000b190 length  2256 section .debug
start 00008d44 end 00008d6e length    42 section .text
start 00008d6e end 00008ef0 length   386 section .text
start 00008ef0 end 00008ef2 length     2 section .text
start 00008ef2 end 00008f26 length    52 section .text
start 00008f26 end 00008f79 length    83 section .text
start 00008f79 end 00008f86 length    13 section .text
start 00008f86 end 0000905b length   213 section .text
start 0000905b end 00009078 length    29 section .text
start 00009078 end 000090f2 length   122 section .text
start 000090f2 end 00009115 length    35 section .text
start 00009115 end 00009188 length   115 section .text
start 00009188 end 000091c5 length    61 section .text
start 000091c5 end 00009209 length    68 section .text
start 00009209 end 00009252 length    73 section .text
start 00009252 end 000092e9 length   151 section .text
start 000092e9 end 0000965a length   881 section .text
start 00008254 end 0000826c length    24 section .const

Debug\stm8s_it.o:
start 0000b190 end 0000b6f2 length  1378 section .debug
start ******** end ******** length     0 section .text *** removed ***
start ******** end ******** length     0 section .text *** removed ***
start ******** end ******** length     0 section .text *** removed ***
start ******** end ******** length     0 section .text *** removed ***
start ******** end ******** length     0 section .text *** removed ***
start ******** end ******** length     0 section .text *** removed ***
start ******** end ******** length     0 section .text *** removed ***
start ******** end ******** length     0 section .text *** removed ***
start ******** end ******** length     0 section .text *** removed ***
start ******** end ******** length     0 section .text *** removed ***
start ******** end ******** length     0 section .text *** removed ***
start ******** end ******** length     0 section .text *** removed ***
start ******** end ******** length     0 section .text *** removed ***
start ******** end ******** length     0 section .text *** removed ***
start ******** end ******** length     0 section .text *** removed ***
start ******** end ******** length     0 section .text *** removed ***
start ******** end ******** length     0 section .text *** removed ***
start ******** end ******** length     0 section .text *** removed ***

Debug\uart_printf.o:
start 0000b6f2 end 0000b876 length   388 section .debug
start ******** end ******** length     0 section .text *** removed ***
start ******** end ******** length     0 section .text *** removed ***
start ******** end ******** length     0 section .text *** removed ***

(D:\Program Files (x86)\COSMIC\CXSTM8\Lib\libm0.sm8)ctof.o:
start 0000965a end 00009662 length     8 section .text

(D:\Program Files (x86)\COSMIC\CXSTM8\Lib\libm0.sm8)fcmp.o:
start 00009662 end 00009698 length    54 section .text

(D:\Program Files (x86)\COSMIC\CXSTM8\Lib\libm0.sm8)fdiv.o:
start 00009698 end 0000971c length   132 section .text

(D:\Program Files (x86)\COSMIC\CXSTM8\Lib\libm0.sm8)fgadd.o:
start 0000971c end 00009724 length     8 section .text

(D:\Program Files (x86)\COSMIC\CXSTM8\Lib\libm0.sm8)fadd.o:
start 00009724 end 00009801 length   221 section .text

(D:\Program Files (x86)\COSMIC\CXSTM8\Lib\libm0.sm8)fmul.o:
start 00009801 end 000098d6 length   213 section .text

(D:\Program Files (x86)\COSMIC\CXSTM8\Lib\libm0.sm8)ftol.o:
start 000098d6 end 00009938 length    98 section .text

(D:\Program Files (x86)\COSMIC\CXSTM8\Lib\libm0.sm8)itof.o:
start 00009938 end 00009966 length    46 section .text

(D:\Program Files (x86)\COSMIC\CXSTM8\Lib\libm0.sm8)lgsbc.o:
start 00009966 end 0000997c length    22 section .text

(D:\Program Files (x86)\COSMIC\CXSTM8\Lib\libm0.sm8)lreg.o:
start 0000009f end 000000a3 length     4 section .ubsct

(D:\Program Files (x86)\COSMIC\CXSTM8\Lib\libm0.sm8)lrzmp.o:
start 0000997c end 0000998f length    19 section .text

(D:\Program Files (x86)\COSMIC\CXSTM8\Lib\libm0.sm8)ltor.o:
start 0000998f end 000099a1 length    18 section .text

(D:\Program Files (x86)\COSMIC\CXSTM8\Lib\libm0.sm8)rtol.o:
start 000099a1 end 000099b3 length    18 section .text

(D:\Program Files (x86)\COSMIC\CXSTM8\Lib\libm0.sm8)xreg.o:
start 000000a3 end 000000a6 length     3 section .ubsct

(D:\Program Files (x86)\COSMIC\CXSTM8\Lib\libm0.sm8)yreg.o:
start 000000a6 end 000000a9 length     3 section .ubsct

Debug\stm8_interrupt_vector.o:
start 0000b876 end 0000b9e1 length   363 section .debug
start 000099b3 end 000099b4 length     1 section .text
start 00008000 end 00008080 length   128 section .const


                             -----------
                             Stack usage
                             -----------

Debug\i2c_slave_interrupt.o:
_Check_Sum                       7   (7)
_I2C_byte_received               3   (3)
_I2C_byte_write                  2   (2)
_I2C_receive_begin               2   (2)
_I2C_transaction_begin          63   (7)
_I2C_transaction_end             2   (2)
_IIC_SlaveConfig                 2   (2)
_i2c_init_message               21   (5)
_init_device_info               56   (35)
_mymemcpy                       16   (14)
_rev_action_dimmer_OK           56   (35)
_rev_action_dimmer_done         56   (35)
_rev_heart_breat                56   (35)
f_I2C_Slave_check_event     >   74   (11)

Debug\main.o:
L11_TIMER2_Init                 12   (2)
L31_TIMER4_Init                 12   (2)
L3_Sys_Init                     12   (2)
L5_GPIO_Config                  14   (2)
L7_ExtInterrupt_Config          12   (2)
_EraseIn                        16   (10)
_EraseOut                       19   (10)
_Linear                         16   (10)
_Swing                          19   (10)
_assert_failed                   6   (6)
_delay                           6   (6)
_lightCtrl100ms                 21   (2)
_main                       >   23   (2)
f_Ext_PortD_ISR             >   20   (11)
f_Timer2_ISR                >   20   (11)
f_Timer4_ISR                >   20   (11)

Debug\stm8_interrupt_vector.o:
f_NonHandledInterrupt       >    5   (5)

Debug\stm8s_clk.o:
_CLK_PeripheralClockConfig      10   (4)

Debug\stm8s_exti.o:
_EXTI_DeInit                     2   (2)
_EXTI_SetExtIntSensitivity      10   (4)

Debug\stm8s_gpio.o:
_GPIO_Init                      12   (6)
_GPIO_ReadInputData              2   (2)
_GPIO_ReadOutputData             2   (2)
_GPIO_WriteHigh                  5   (5)
_GPIO_WriteLow                   5   (5)

Debug\stm8s_itc.o:
_ITC_DeInit                      2   (2)
_ITC_GetCPUCC                    2   (2)
_ITC_GetSoftIntStatus            4   (2)
_ITC_GetSoftwarePriority    >   11   (5)
_ITC_SetSoftwarePriority        12   (6)

Debug\stm8s_tim2.o:
_TIM2_ClearFlag                 10   (4)
_TIM2_ClearITPendingBit          9   (3)
_TIM2_Cmd                        9   (3)
_TIM2_ITConfig                  10   (4)
_TIM2_SetAutoreload              2   (2)
_TIM2_TimeBaseInit               5   (5)

Debug\stm8s_tim4.o:
_TIM4_ClearFlag                  9   (3)
_TIM4_ClearITPendingBit          9   (3)
_TIM4_Cmd                        9   (3)
_TIM4_ITConfig                  10   (4)
_TIM4_SetAutoreload              2   (2)
_TIM4_TimeBaseInit              10   (4)

Stack size: 97


                              ---------
                              Call tree
                              ---------
   1 > _ITC_GetSoftwarePriority: (5)
   2      + _assert_failed: (6)
       
   3 > __stext: (0)

   4 > _main: (2)
   5      + L11_TIMER2_Init: (2)
   6      |    + _TIM2_ClearFlag: (4)
   7      |    |    + _assert_failed --> 2
          |    | 
   8      |    + _TIM2_ITConfig: (4)
   9      |    |    + _assert_failed --> 2
          |    | 
  10      |    + _TIM2_TimeBaseInit: (5)
          | 
  11      + L31_TIMER4_Init: (2)
  12      |    + _TIM4_ClearFlag: (3)
  13      |    |    + _assert_failed --> 2
          |    | 
  14      |    + _TIM4_Cmd: (3)
  15      |    |    + _assert_failed --> 2
          |    | 
  16      |    + _TIM4_ITConfig: (4)
  17      |    |    + _assert_failed --> 2
          |    | 
  18      |    + _TIM4_TimeBaseInit: (4)
  19      |    |    + _assert_failed --> 2
          |    | 
          | 
  20      + L3_Sys_Init: (2)
  21      |    + _CLK_PeripheralClockConfig: (4)
  22      |    |    + _assert_failed --> 2
          |    | 
          | 
  23      + L5_GPIO_Config: (2)
  24      |    + _GPIO_Init: (6)
  25      |    |    + _assert_failed --> 2
          |    | 
  26      |    + _GPIO_WriteHigh: (5)
          | 
  27      + L7_ExtInterrupt_Config: (2)
  28      |    + _EXTI_DeInit: (2)
  29      |    + _EXTI_SetExtIntSensitivity: (4)
  30      |    |    + _assert_failed --> 2
          |    | 
          | 
  31      + _GPIO_Init --> 24
  32      + _GPIO_ReadInputData: (2)
  33      + _IIC_SlaveConfig: (2)
  34      + _ITC_DeInit: (2)
  35      + _ITC_SetSoftwarePriority: (6)
  36      |    + _ITC_GetSoftIntStatus: (2)
  37      |    |    + _ITC_GetCPUCC: (2)
          |    | 
  38      |    + _assert_failed --> 2
          | 
  39      + _delay: (6)
  40      + _lightCtrl100ms: (2)
  41      |    + _EraseIn: (10)
  42      |    + _EraseOut: (10)
  43      |    + _Linear: (10)
  44      |    + _Swing: (10)
          | 
       
  45 > f_Ext_PortD_ISR: (11)
  46      + _GPIO_ReadOutputData: (2)
  47      + _GPIO_WriteHigh --> 26
  48      + _GPIO_WriteLow: (5)
  49      + _TIM2_Cmd: (3)
  50      |    + _assert_failed --> 2
          | 
  51      + _TIM2_SetAutoreload: (2)
  52      + _TIM4_SetAutoreload: (2)
       
  53 > f_I2C_Slave_check_event: (11)
  54      + _I2C_byte_received: (3)
  55      + _I2C_byte_write: (2)
  56      + _I2C_receive_begin: (2)
  57      + _I2C_transaction_begin: (7)
  58      |    + _Check_Sum: (7)
  59      |    + _init_device_info: (35)
  60      |    |    + _i2c_init_message: (5)
  61      |    |    |    + _Check_Sum --> 58
  62      |    |    |    + _mymemcpy: (14)
          |    |    | 
          |    | 
  63      |    + _rev_action_dimmer_OK: (35)
  64      |    |    + _i2c_init_message --> 60
          |    | 
  65      |    + _rev_action_dimmer_done: (35)
  66      |    |    + _i2c_init_message --> 60
          |    | 
  67      |    + _rev_heart_breat: (35)
  68      |    |    + _i2c_init_message --> 60
          |    | 
          | 
  69      + _I2C_transaction_end: (2)
       
  70 > f_NonHandledInterrupt: (5)

  71 > f_Timer2_ISR: (11)
  72      + _GPIO_WriteLow --> 48
  73      + _TIM2_ClearITPendingBit: (3)
  74      |    + _assert_failed --> 2
          | 
  75      + _TIM2_Cmd --> 49
       
  76 > f_Timer4_ISR: (11)
  77      + _GPIO_WriteHigh --> 26
  78      + _TIM4_ClearITPendingBit: (3)
  79      |    + _assert_failed --> 2
          | 
       
  80   L11_TIMER2_Init --> 5

  81   L31_TIMER4_Init --> 11

  82   L3_Sys_Init --> 20

  83   L5_GPIO_Config --> 23

  84   L7_ExtInterrupt_Config --> 27

  85   _CLK_PeripheralClockConfig --> 21

  86   _Check_Sum --> 58

  87   _EXTI_DeInit --> 28

  88   _EXTI_SetExtIntSensitivity --> 29

  89   _EraseIn --> 41

  90   _EraseOut --> 42

  91   _GPIO_Init --> 24

  92   _GPIO_ReadInputData --> 32

  93   _GPIO_ReadOutputData --> 46

  94   _GPIO_WriteHigh --> 26

  95   _GPIO_WriteLow --> 48

  96   _I2C_byte_received --> 54

  97   _I2C_byte_write --> 55

  98   _I2C_receive_begin --> 56

  99   _I2C_transaction_begin --> 57

 100   _I2C_transaction_end --> 69

 101   _IIC_SlaveConfig --> 33

 102   _ITC_DeInit --> 34

 103   _ITC_GetCPUCC --> 37

 104   _ITC_GetSoftIntStatus --> 36

 105   _ITC_SetSoftwarePriority --> 35

 106   _Linear --> 43

 107   _Swing --> 44

 108   _TIM2_ClearFlag --> 6

 109   _TIM2_ClearITPendingBit --> 73

 110   _TIM2_Cmd --> 49

 111   _TIM2_ITConfig --> 8

 112   _TIM2_SetAutoreload --> 51

 113   _TIM2_TimeBaseInit --> 10

 114   _TIM4_ClearFlag --> 12

 115   _TIM4_ClearITPendingBit --> 78

 116   _TIM4_Cmd --> 14

 117   _TIM4_ITConfig --> 16

 118   _TIM4_SetAutoreload --> 52

 119   _TIM4_TimeBaseInit --> 18

 120   _assert_failed --> 2

 121   _delay --> 39

 122   _i2c_init_message --> 60

 123   _init_device_info --> 59

 124   _lightCtrl100ms --> 40

 125   _mymemcpy --> 62

 126   _rev_action_dimmer_OK --> 63

 127   _rev_action_dimmer_done --> 65

 128   _rev_heart_breat --> 67



                               -------
                               Symbols
                               -------

_ADC1_AWDChannelConfig              ********   *** removed from Debug\stm8s_adc1.o ***
_ADC1_ClearFlag                     ********   *** removed from Debug\stm8s_adc1.o ***
_ADC1_ClearITPendingBit             ********   *** removed from Debug\stm8s_adc1.o ***
_ADC1_Cmd                           ********   *** removed from Debug\stm8s_adc1.o ***
_ADC1_ConversionConfig              ********   *** removed from Debug\stm8s_adc1.o ***
_ADC1_DataBufferCmd                 ********   *** removed from Debug\stm8s_adc1.o ***
_ADC1_DeInit                        ********   *** removed from Debug\stm8s_adc1.o ***
_ADC1_ExternalTriggerConfig         ********   *** removed from Debug\stm8s_adc1.o ***
_ADC1_GetAWDChannelStatus           ********   *** removed from Debug\stm8s_adc1.o ***
_ADC1_GetBufferValue                ********   *** removed from Debug\stm8s_adc1.o ***
_ADC1_GetConversionValue            ********   *** removed from Debug\stm8s_adc1.o ***
_ADC1_GetFlagStatus                 ********   *** removed from Debug\stm8s_adc1.o ***
_ADC1_GetITStatus                   ********   *** removed from Debug\stm8s_adc1.o ***
_ADC1_ITConfig                      ********   *** removed from Debug\stm8s_adc1.o ***
_ADC1_Init                          ********   *** removed from Debug\stm8s_adc1.o ***
_ADC1_PrescalerConfig               ********   *** removed from Debug\stm8s_adc1.o ***
_ADC1_ScanModeCmd                   ********   *** removed from Debug\stm8s_adc1.o ***
_ADC1_SchmittTriggerConfig          ********   *** removed from Debug\stm8s_adc1.o ***
_ADC1_SetHighThreshold              ********   *** removed from Debug\stm8s_adc1.o ***
_ADC1_SetLowThreshold               ********   *** removed from Debug\stm8s_adc1.o ***
_ADC1_StartConversion               ********   *** removed from Debug\stm8s_adc1.o ***
_CLKPrescTable                      00008084   defined in Debug\stm8s_clk.o section .const
_CLK_AdjustHSICalibrationValue      ********   *** removed from Debug\stm8s_clk.o ***
_CLK_CCOCmd                         ********   *** removed from Debug\stm8s_clk.o ***
_CLK_CCOConfig                      ********   *** removed from Debug\stm8s_clk.o ***
_CLK_ClearITPendingBit              ********   *** removed from Debug\stm8s_clk.o ***
_CLK_ClockSecuritySystemEnable      ********   *** removed from Debug\stm8s_clk.o ***
_CLK_ClockSwitchCmd                 ********   *** removed from Debug\stm8s_clk.o ***
_CLK_ClockSwitchConfig              ********   *** removed from Debug\stm8s_clk.o ***
_CLK_DeInit                         ********   *** removed from Debug\stm8s_clk.o ***
_CLK_FastHaltWakeUpCmd              ********   *** removed from Debug\stm8s_clk.o ***
_CLK_GetClockFreq                   ********   *** removed from Debug\stm8s_clk.o ***
_CLK_GetFlagStatus                  ********   *** removed from Debug\stm8s_clk.o ***
_CLK_GetITStatus                    ********   *** removed from Debug\stm8s_clk.o ***
_CLK_GetSYSCLKSource                ********   *** removed from Debug\stm8s_clk.o ***
_CLK_HSECmd                         ********   *** removed from Debug\stm8s_clk.o ***
_CLK_HSICmd                         ********   *** removed from Debug\stm8s_clk.o ***
_CLK_HSIPrescalerConfig             ********   *** removed from Debug\stm8s_clk.o ***
_CLK_ITConfig                       ********   *** removed from Debug\stm8s_clk.o ***
_CLK_LSICmd                         ********   *** removed from Debug\stm8s_clk.o ***
_CLK_PeripheralClockConfig          000082df   defined in Debug\stm8s_clk.o section .text
                                               used in Debug\main.o
_CLK_SWIMConfig                     ********   *** removed from Debug\stm8s_clk.o ***
_CLK_SYSCLKConfig                   ********   *** removed from Debug\stm8s_clk.o ***
_CLK_SYSCLKEmergencyClear           ********   *** removed from Debug\stm8s_clk.o ***
_CLK_SlowActiveHaltWakeUpCmd        ********   *** removed from Debug\stm8s_clk.o ***
_Check_Sum                          00008992   defined in Debug\i2c_slave_interrupt.o section .text
_EXTI_DeInit                        000083cd   defined in Debug\stm8s_exti.o section .text
                                               used in Debug\main.o
_EXTI_GetExtIntSensitivity          ********   *** removed from Debug\stm8s_exti.o ***
_EXTI_GetTLISensitivity             ********   *** removed from Debug\stm8s_exti.o ***
_EXTI_SetExtIntSensitivity          000083d6   defined in Debug\stm8s_exti.o section .text
                                               used in Debug\main.o
_EXTI_SetTLISensitivity             ********   *** removed from Debug\stm8s_exti.o ***
_EraseIn                            000091c5   defined in Debug\main.o section .text
_EraseOut                           00009209   defined in Debug\main.o section .text
_GPIO_DeInit                        ********   *** removed from Debug\stm8s_gpio.o ***
_GPIO_ExternalPullUpConfig          ********   *** removed from Debug\stm8s_gpio.o ***
_GPIO_Init                          000084a4   defined in Debug\stm8s_gpio.o section .text
                                               used in Debug\main.o
_GPIO_ReadInputData                 00008591   defined in Debug\stm8s_gpio.o section .text
                                               used in Debug\main.o
_GPIO_ReadInputPin                  ********   *** removed from Debug\stm8s_gpio.o ***
_GPIO_ReadOutputData                0000858f   defined in Debug\stm8s_gpio.o section .text
                                               used in Debug\main.o
_GPIO_Write                         ********   *** removed from Debug\stm8s_gpio.o ***
_GPIO_WriteHigh                     00008580   defined in Debug\stm8s_gpio.o section .text
                                               used in Debug\main.o
_GPIO_WriteLow                      00008587   defined in Debug\stm8s_gpio.o section .text
                                               used in Debug\main.o
_GPIO_WriteReverse                  ********   *** removed from Debug\stm8s_gpio.o ***
_GetDataIndex                       00000000   defined in Debug\i2c_slave_interrupt.o section .bsct, initialized
                                               used in Debug\main.o
_HSIDivFactor                       00008080   defined in Debug\stm8s_clk.o section .const
_I2C_AcknowledgeConfig              ********   *** removed from Debug\stm8s_i2c.o ***
_I2C_CheckEvent                     ********   *** removed from Debug\stm8s_i2c.o ***
_I2C_ClearFlag                      ********   *** removed from Debug\stm8s_i2c.o ***
_I2C_ClearITPendingBit              ********   *** removed from Debug\stm8s_i2c.o ***
_I2C_Cmd                            ********   *** removed from Debug\stm8s_i2c.o ***
_I2C_DeInit                         ********   *** removed from Debug\stm8s_i2c.o ***
_I2C_FastModeDutyCycleConfig        ********   *** removed from Debug\stm8s_i2c.o ***
_I2C_GeneralCallCmd                 ********   *** removed from Debug\stm8s_i2c.o ***
_I2C_GenerateSTART                  ********   *** removed from Debug\stm8s_i2c.o ***
_I2C_GenerateSTOP                   ********   *** removed from Debug\stm8s_i2c.o ***
_I2C_GetFlagStatus                  ********   *** removed from Debug\stm8s_i2c.o ***
_I2C_GetITStatus                    ********   *** removed from Debug\stm8s_i2c.o ***
_I2C_GetLastEvent                   ********   *** removed from Debug\stm8s_i2c.o ***
_I2C_ITConfig                       ********   *** removed from Debug\stm8s_i2c.o ***
_I2C_Init                           ********   *** removed from Debug\stm8s_i2c.o ***
_I2C_ReceiveData                    ********   *** removed from Debug\stm8s_i2c.o ***
_I2C_Send7bitAddress                ********   *** removed from Debug\stm8s_i2c.o ***
_I2C_SendData                       ********   *** removed from Debug\stm8s_i2c.o ***
_I2C_SoftwareResetCmd               ********   *** removed from Debug\stm8s_i2c.o ***
_I2C_StretchClockCmd                ********   *** removed from Debug\stm8s_i2c.o ***
_I2C_byte_received                  00008c6d   defined in Debug\i2c_slave_interrupt.o section .text
_I2C_byte_write                     00008c86   defined in Debug\i2c_slave_interrupt.o section .text
_I2C_receive_begin                  00008a08   defined in Debug\i2c_slave_interrupt.o section .text
_I2C_transaction_begin              00008a0d   defined in Debug\i2c_slave_interrupt.o section .text
_I2C_transaction_end                00008c68   defined in Debug\i2c_slave_interrupt.o section .text
_I2C_transaction_receive            ********   *** removed from Debug\i2c_slave_interrupt.o ***
_IIC_RxBuffer                       00000056   defined in Debug\i2c_slave_interrupt.o section .ubsct
_IIC_SlaveConfig                    00008d29   defined in Debug\i2c_slave_interrupt.o section .text
                                               used in Debug\main.o
_IIC_TxBuffer                       00000036   defined in Debug\i2c_slave_interrupt.o section .ubsct
_ITC_DeInit                         00008597   defined in Debug\stm8s_itc.o section .text
                                               used in Debug\main.o
_ITC_GetCPUCC                       00008594   defined in Debug\stm8s_itc.o section .text
_ITC_GetSoftIntStatus               000085b8   defined in Debug\stm8s_itc.o section .text
_ITC_GetSoftwarePriority            000085be   defined in Debug\stm8s_itc.o section .text
_ITC_SetSoftwarePriority            00008653   defined in Debug\stm8s_itc.o section .text
                                               used in Debug\main.o
_IWDG_Enable                        ********   *** removed from Debug\stm8s_iwdg.o ***
_IWDG_ReloadCounter                 ********   *** removed from Debug\stm8s_iwdg.o ***
_IWDG_SetPrescaler                  ********   *** removed from Debug\stm8s_iwdg.o ***
_IWDG_SetReload                     ********   *** removed from Debug\stm8s_iwdg.o ***
_IWDG_WriteAccessCmd                ********   *** removed from Debug\stm8s_iwdg.o ***
_Linear                             00009188   defined in Debug\main.o section .text
_ReceiveState                       00000001   defined in Debug\i2c_slave_interrupt.o section .bsct, initialized
                                               used in Debug\main.o
_SendDataIndex                      00000002   defined in Debug\i2c_slave_interrupt.o section .bsct, initialized
_Swing                              00009252   defined in Debug\main.o section .text
_TIM2_ARRPreloadConfig              ********   *** removed from Debug\stm8s_tim2.o ***
_TIM2_CCxCmd                        ********   *** removed from Debug\stm8s_tim2.o ***
_TIM2_ClearFlag                     00008801   defined in Debug\stm8s_tim2.o section .text
                                               used in Debug\main.o
_TIM2_ClearITPendingBit             00008831   defined in Debug\stm8s_tim2.o section .text
                                               used in Debug\main.o
_TIM2_Cmd                           0000877a   defined in Debug\stm8s_tim2.o section .text
                                               used in Debug\main.o
_TIM2_DeInit                        ********   *** removed from Debug\stm8s_tim2.o ***
_TIM2_ForcedOC1Config               ********   *** removed from Debug\stm8s_tim2.o ***
_TIM2_ForcedOC2Config               ********   *** removed from Debug\stm8s_tim2.o ***
_TIM2_ForcedOC3Config               ********   *** removed from Debug\stm8s_tim2.o ***
_TIM2_GenerateEvent                 ********   *** removed from Debug\stm8s_tim2.o ***
_TIM2_GetCapture1                   ********   *** removed from Debug\stm8s_tim2.o ***
_TIM2_GetCapture2                   ********   *** removed from Debug\stm8s_tim2.o ***
_TIM2_GetCapture3                   ********   *** removed from Debug\stm8s_tim2.o ***
_TIM2_GetCounter                    ********   *** removed from Debug\stm8s_tim2.o ***
_TIM2_GetFlagStatus                 ********   *** removed from Debug\stm8s_tim2.o ***
_TIM2_GetITStatus                   ********   *** removed from Debug\stm8s_tim2.o ***
_TIM2_GetPrescaler                  ********   *** removed from Debug\stm8s_tim2.o ***
_TIM2_ICInit                        ********   *** removed from Debug\stm8s_tim2.o ***
_TIM2_ITConfig                      000087a5   defined in Debug\stm8s_tim2.o section .text
                                               used in Debug\main.o
_TIM2_OC1Init                       ********   *** removed from Debug\stm8s_tim2.o ***
_TIM2_OC1PolarityConfig             ********   *** removed from Debug\stm8s_tim2.o ***
_TIM2_OC1PreloadConfig              ********   *** removed from Debug\stm8s_tim2.o ***
_TIM2_OC2Init                       ********   *** removed from Debug\stm8s_tim2.o ***
_TIM2_OC2PolarityConfig             ********   *** removed from Debug\stm8s_tim2.o ***
_TIM2_OC2PreloadConfig              ********   *** removed from Debug\stm8s_tim2.o ***
_TIM2_OC3Init                       ********   *** removed from Debug\stm8s_tim2.o ***
_TIM2_OC3PolarityConfig             ********   *** removed from Debug\stm8s_tim2.o ***
_TIM2_OC3PreloadConfig              ********   *** removed from Debug\stm8s_tim2.o ***
_TIM2_PWMIConfig                    ********   *** removed from Debug\stm8s_tim2.o ***
_TIM2_PrescalerConfig               ********   *** removed from Debug\stm8s_tim2.o ***
_TIM2_SelectOCxM                    ********   *** removed from Debug\stm8s_tim2.o ***
_TIM2_SelectOnePulseMode            ********   *** removed from Debug\stm8s_tim2.o ***
_TIM2_SetAutoreload                 000087f8   defined in Debug\stm8s_tim2.o section .text
                                               used in Debug\main.o
_TIM2_SetCompare1                   ********   *** removed from Debug\stm8s_tim2.o ***
_TIM2_SetCompare2                   ********   *** removed from Debug\stm8s_tim2.o ***
_TIM2_SetCompare3                   ********   *** removed from Debug\stm8s_tim2.o ***
_TIM2_SetCounter                    ********   *** removed from Debug\stm8s_tim2.o ***
_TIM2_SetIC1Prescaler               ********   *** removed from Debug\stm8s_tim2.o ***
_TIM2_SetIC2Prescaler               ********   *** removed from Debug\stm8s_tim2.o ***
_TIM2_SetIC3Prescaler               ********   *** removed from Debug\stm8s_tim2.o ***
_TIM2_TimeBaseInit                  0000876a   defined in Debug\stm8s_tim2.o section .text
                                               used in Debug\main.o
_TIM2_UpdateDisableConfig           ********   *** removed from Debug\stm8s_tim2.o ***
_TIM2_UpdateRequestConfig           ********   *** removed from Debug\stm8s_tim2.o ***
_TIM4_ARRPreloadConfig              ********   *** removed from Debug\stm8s_tim4.o ***
_TIM4_ClearFlag                     00008919   defined in Debug\stm8s_tim4.o section .text
                                               used in Debug\main.o
_TIM4_ClearITPendingBit             00008939   defined in Debug\stm8s_tim4.o section .text
                                               used in Debug\main.o
_TIM4_Cmd                           0000889b   defined in Debug\stm8s_tim4.o section .text
                                               used in Debug\main.o
_TIM4_DeInit                        ********   *** removed from Debug\stm8s_tim4.o ***
_TIM4_GenerateEvent                 ********   *** removed from Debug\stm8s_tim4.o ***
_TIM4_GetCounter                    ********   *** removed from Debug\stm8s_tim4.o ***
_TIM4_GetFlagStatus                 ********   *** removed from Debug\stm8s_tim4.o ***
_TIM4_GetITStatus                   ********   *** removed from Debug\stm8s_tim4.o ***
_TIM4_GetPrescaler                  ********   *** removed from Debug\stm8s_tim4.o ***
_TIM4_ITConfig                      000088c6   defined in Debug\stm8s_tim4.o section .text
                                               used in Debug\main.o
_TIM4_PrescalerConfig               ********   *** removed from Debug\stm8s_tim4.o ***
_TIM4_SelectOnePulseMode            ********   *** removed from Debug\stm8s_tim4.o ***
_TIM4_SetAutoreload                 00008915   defined in Debug\stm8s_tim4.o section .text
                                               used in Debug\main.o
_TIM4_SetCounter                    ********   *** removed from Debug\stm8s_tim4.o ***
_TIM4_TimeBaseInit                  00008854   defined in Debug\stm8s_tim4.o section .text
                                               used in Debug\main.o
_TIM4_UpdateDisableConfig           ********   *** removed from Debug\stm8s_tim4.o ***
_TIM4_UpdateRequestConfig           ********   *** removed from Debug\stm8s_tim4.o ***
_Tick100ms                          00000093   defined in Debug\main.o section .ubsct
_UART1_ClearFlag                    ********   *** removed from Debug\stm8s_uart1.o ***
_UART1_ClearITPendingBit            ********   *** removed from Debug\stm8s_uart1.o ***
_UART1_Cmd                          ********   *** removed from Debug\stm8s_uart1.o ***
_UART1_DeInit                       ********   *** removed from Debug\stm8s_uart1.o ***
_UART1_GetFlagStatus                ********   *** removed from Debug\stm8s_uart1.o ***
_UART1_GetITStatus                  ********   *** removed from Debug\stm8s_uart1.o ***
_UART1_HalfDuplexCmd                ********   *** removed from Debug\stm8s_uart1.o ***
_UART1_ITConfig                     ********   *** removed from Debug\stm8s_uart1.o ***
_UART1_Init                         ********   *** removed from Debug\stm8s_uart1.o ***
_UART1_IrDACmd                      ********   *** removed from Debug\stm8s_uart1.o ***
_UART1_IrDAConfig                   ********   *** removed from Debug\stm8s_uart1.o ***
_UART1_LINBreakDetectionConfig      ********   *** removed from Debug\stm8s_uart1.o ***
_UART1_LINCmd                       ********   *** removed from Debug\stm8s_uart1.o ***
_UART1_ReceiveData8                 ********   *** removed from Debug\stm8s_uart1.o ***
_UART1_ReceiveData9                 ********   *** removed from Debug\stm8s_uart1.o ***
_UART1_ReceiverWakeUpCmd            ********   *** removed from Debug\stm8s_uart1.o ***
_UART1_SendBreak                    ********   *** removed from Debug\stm8s_uart1.o ***
_UART1_SendData8                    ********   *** removed from Debug\stm8s_uart1.o ***
_UART1_SendData9                    ********   *** removed from Debug\stm8s_uart1.o ***
_UART1_SetAddress                   ********   *** removed from Debug\stm8s_uart1.o ***
_UART1_SetGuardTime                 ********   *** removed from Debug\stm8s_uart1.o ***
_UART1_SetPrescaler                 ********   *** removed from Debug\stm8s_uart1.o ***
_UART1_SmartCardCmd                 ********   *** removed from Debug\stm8s_uart1.o ***
_UART1_SmartCardNACKCmd             ********   *** removed from Debug\stm8s_uart1.o ***
_UART1_WakeUpConfig                 ********   *** removed from Debug\stm8s_uart1.o ***
_UART_Init                          ********   *** removed from Debug\uart_printf.o ***
__endmem                            000001ff   defined in command file
                                               *** not used ***
__endzp                             000000a9   defined in command file section .ubsct
                                               used in D:\Program Files (x86)\COSMIC\CXSTM8\Lib\crtsi0.sm8
__idesc__                           0000826c   defined in linker section .init
                                               used in D:\Program Files (x86)\COSMIC\CXSTM8\Lib\crtsi0.sm8
__memory                            00000100   defined in command file section .bss
                                               used in D:\Program Files (x86)\COSMIC\CXSTM8\Lib\crtsi0.sm8
__stack                             000003ff   defined in command file
                                               used in D:\Program Files (x86)\COSMIC\CXSTM8\Lib\crtsi0.sm8
__startmem                          00000100   defined in command file section .bss
                                               *** not used ***
__stext                             00008294   defined in D:\Program Files (x86)\COSMIC\CXSTM8\Lib\crtsi0.sm8 section .text
                                               used in Debug\stm8_interrupt_vector.o
__vectab                            00008000   defined in Debug\stm8_interrupt_vector.o section .const
_action_done                        00000076   defined in Debug\i2c_slave_interrupt.o section .ubsct
_action_flag                        00000023   defined in Debug\i2c_slave_interrupt.o section .ubsct
                                               used in Debug\main.o
_aim_bright1                        00000031   defined in Debug\i2c_slave_interrupt.o section .ubsct
                                               used in Debug\main.o
_aim_bright2                        0000002d   defined in Debug\i2c_slave_interrupt.o section .ubsct
                                               used in Debug\main.o
_assert_failed                      00008ef0   defined in Debug\main.o section .text
                                               used in Debug\stm8s_adc1.o
                                                       Debug\stm8s_clk.o
                                                       Debug\stm8s_exti.o
                                                       Debug\stm8s_gpio.o
                                                       Debug\stm8s_i2c.o
                                                       Debug\stm8s_itc.o
                                                       Debug\stm8s_iwdg.o
                                                       Debug\stm8s_tim2.o
                                                       Debug\stm8s_tim4.o
                                                       Debug\stm8s_uart1.o
_change_step1                       00000028   defined in Debug\i2c_slave_interrupt.o section .ubsct
                                               used in Debug\main.o
_change_step2                       00000024   defined in Debug\i2c_slave_interrupt.o section .ubsct
                                               used in Debug\main.o
_change_time                        0000002c   defined in Debug\i2c_slave_interrupt.o section .ubsct
_channel                            00000035   defined in Debug\i2c_slave_interrupt.o section .ubsct
                                               used in Debug\main.o
_delay                              00008d44   defined in Debug\main.o section .text
_exit                               000082dd   defined in D:\Program Files (x86)\COSMIC\CXSTM8\Lib\crtsi0.sm8 section .text
_f_100ms                            00000092   defined in Debug\main.o section .ubsct
_getchar                            ********   *** removed from Debug\uart_printf.o ***
_i2c_init_message                   000089c3   defined in Debug\i2c_slave_interrupt.o section .text
_init_device_info                   00008b9a   defined in Debug\i2c_slave_interrupt.o section .text
_last_bright1                       0000009b   defined in Debug\main.o section .ubsct
                                               used in Debug\i2c_slave_interrupt.o
_last_bright2                       00000097   defined in Debug\main.o section .ubsct
                                               used in Debug\i2c_slave_interrupt.o
_lightCtrl100ms                     000092e9   defined in Debug\main.o section .text
_main                               00008d6e   defined in Debug\main.o section .text
                                               used in D:\Program Files (x86)\COSMIC\CXSTM8\Lib\crtsi0.sm8
_mymemcpy                           00008959   defined in Debug\i2c_slave_interrupt.o section .text
_putchar                            ********   *** removed from Debug\uart_printf.o ***
_realtime_bright1                   00000096   defined in Debug\main.o section .ubsct
                                               used in Debug\i2c_slave_interrupt.o
_realtime_bright2                   00000095   defined in Debug\main.o section .ubsct
                                               used in Debug\i2c_slave_interrupt.o
_rev_action_dimmer_OK               00008c0a   defined in Debug\i2c_slave_interrupt.o section .text
_rev_action_dimmer_done             00008c31   defined in Debug\i2c_slave_interrupt.o section .text
_rev_heart_breat                    00008bd7   defined in Debug\i2c_slave_interrupt.o section .text
_slave_address                      00000077   defined in Debug\i2c_slave_interrupt.o section .ubsct
                                               used in Debug\main.o
_slc                                00000078   defined in Debug\i2c_slave_interrupt.o section .ubsct
                                               used in Debug\main.o
_sys                                00000003   defined in Debug\main.o section .bsct, initialized
_tick1s                             00000091   defined in Debug\main.o section .ubsct
c_ctof                              0000965a   defined in (D:\Program Files (x86)\COSMIC\CXSTM8\Lib\libm0.sm8)ctof.o section .text
                                               used in Debug\main.o
c_fadd                              00009738   defined in (D:\Program Files (x86)\COSMIC\CXSTM8\Lib\libm0.sm8)fadd.o section .text
                                               used in (D:\Program Files (x86)\COSMIC\CXSTM8\Lib\libm0.sm8)fgadd.o
c_fcmp                              00009662   defined in (D:\Program Files (x86)\COSMIC\CXSTM8\Lib\libm0.sm8)fcmp.o section .text
                                               used in Debug\main.o
c_fdiv                              00009698   defined in (D:\Program Files (x86)\COSMIC\CXSTM8\Lib\libm0.sm8)fdiv.o section .text
                                               used in Debug\i2c_slave_interrupt.o
c_fgadd                             0000971c   defined in (D:\Program Files (x86)\COSMIC\CXSTM8\Lib\libm0.sm8)fgadd.o section .text
                                               used in Debug\main.o
c_fmul                              00009801   defined in (D:\Program Files (x86)\COSMIC\CXSTM8\Lib\libm0.sm8)fmul.o section .text
                                               used in Debug\main.o
c_fsub                              00009724   defined in (D:\Program Files (x86)\COSMIC\CXSTM8\Lib\libm0.sm8)fadd.o section .text
                                               used in Debug\i2c_slave_interrupt.o
                                                       Debug\main.o
c_ftoi                              000098d6   defined in (D:\Program Files (x86)\COSMIC\CXSTM8\Lib\libm0.sm8)ftol.o section .text
                                               *** not used ***
c_ftol                              000098dc   defined in (D:\Program Files (x86)\COSMIC\CXSTM8\Lib\libm0.sm8)ftol.o section .text
                                               used in Debug\main.o
c_itof                              00009938   defined in (D:\Program Files (x86)\COSMIC\CXSTM8\Lib\libm0.sm8)itof.o section .text
                                               used in Debug\i2c_slave_interrupt.o
                                                       (D:\Program Files (x86)\COSMIC\CXSTM8\Lib\libm0.sm8)ctof.o
c_lgsbc                             00009966   defined in (D:\Program Files (x86)\COSMIC\CXSTM8\Lib\libm0.sm8)lgsbc.o section .text
                                               used in Debug\i2c_slave_interrupt.o
c_lreg                              0000009f   defined in (D:\Program Files (x86)\COSMIC\CXSTM8\Lib\libm0.sm8)lreg.o section .ubsct
                                               used in Debug\stm8s_clk.o
                                                       Debug\stm8s_i2c.o
                                                       Debug\stm8s_uart1.o
                                                       Debug\i2c_slave_interrupt.o
                                                       Debug\main.o
                                                       (D:\Program Files (x86)\COSMIC\CXSTM8\Lib\libm0.sm8)fcmp.o
                                                       (D:\Program Files (x86)\COSMIC\CXSTM8\Lib\libm0.sm8)fdiv.o
                                                       (D:\Program Files (x86)\COSMIC\CXSTM8\Lib\libm0.sm8)fadd.o
                                                       (D:\Program Files (x86)\COSMIC\CXSTM8\Lib\libm0.sm8)fmul.o
                                                       (D:\Program Files (x86)\COSMIC\CXSTM8\Lib\libm0.sm8)ftol.o
                                                       (D:\Program Files (x86)\COSMIC\CXSTM8\Lib\libm0.sm8)itof.o
                                                       (D:\Program Files (x86)\COSMIC\CXSTM8\Lib\libm0.sm8)lcmp.o
                                                       (D:\Program Files (x86)\COSMIC\CXSTM8\Lib\libm0.sm8)llsh.o
                                                       (D:\Program Files (x86)\COSMIC\CXSTM8\Lib\libm0.sm8)lmul.o
                                                       (D:\Program Files (x86)\COSMIC\CXSTM8\Lib\libm0.sm8)lrzmp.o
                                                       (D:\Program Files (x86)\COSMIC\CXSTM8\Lib\libm0.sm8)lsub.o
                                                       (D:\Program Files (x86)\COSMIC\CXSTM8\Lib\libm0.sm8)ltor.o
                                                       (D:\Program Files (x86)\COSMIC\CXSTM8\Lib\libm0.sm8)ldiv.o
                                                       (D:\Program Files (x86)\COSMIC\CXSTM8\Lib\libm0.sm8)lneg.o
                                                       (D:\Program Files (x86)\COSMIC\CXSTM8\Lib\libm0.sm8)lursh.o
                                                       (D:\Program Files (x86)\COSMIC\CXSTM8\Lib\libm0.sm8)rtol.o
                                                       (D:\Program Files (x86)\COSMIC\CXSTM8\Lib\libm0.sm8)smul.o
c_lrzmp                             0000997c   defined in (D:\Program Files (x86)\COSMIC\CXSTM8\Lib\libm0.sm8)lrzmp.o section .text
                                               used in Debug\i2c_slave_interrupt.o
c_ltor                              0000998f   defined in (D:\Program Files (x86)\COSMIC\CXSTM8\Lib\libm0.sm8)ltor.o section .text
                                               used in Debug\stm8s_clk.o
                                                       Debug\stm8s_i2c.o
                                                       Debug\stm8s_uart1.o
                                                       Debug\i2c_slave_interrupt.o
                                                       Debug\main.o
c_okadd                             00009742   defined in (D:\Program Files (x86)\COSMIC\CXSTM8\Lib\libm0.sm8)fadd.o section .text
c_okdiv                             000096a8   defined in (D:\Program Files (x86)\COSMIC\CXSTM8\Lib\libm0.sm8)fdiv.o section .text
                                               *** not used ***
c_okmul                             0000980f   defined in (D:\Program Files (x86)\COSMIC\CXSTM8\Lib\libm0.sm8)fmul.o section .text
                                               *** not used ***
c_oksub                             0000972e   defined in (D:\Program Files (x86)\COSMIC\CXSTM8\Lib\libm0.sm8)fadd.o section .text
                                               *** not used ***
c_rtol                              000099a1   defined in (D:\Program Files (x86)\COSMIC\CXSTM8\Lib\libm0.sm8)rtol.o section .text
                                               used in Debug\stm8s_clk.o
                                                       Debug\stm8s_i2c.o
                                                       Debug\stm8s_uart1.o
                                                       Debug\i2c_slave_interrupt.o
                                                       Debug\main.o
                                                       (D:\Program Files (x86)\COSMIC\CXSTM8\Lib\libm0.sm8)fgadd.o
c_x                                 000000a3   defined in (D:\Program Files (x86)\COSMIC\CXSTM8\Lib\libm0.sm8)xreg.o section .ubsct
                                               used in D:\Program Files (x86)\COSMIC\CXSTM8\Lib\crtsi0.sm8
                                                       Debug\i2c_slave_interrupt.o
                                                       Debug\main.o
                                                       (D:\Program Files (x86)\COSMIC\CXSTM8\Lib\libm0.sm8)fcmp.o
                                                       (D:\Program Files (x86)\COSMIC\CXSTM8\Lib\libm0.sm8)fdiv.o
                                                       (D:\Program Files (x86)\COSMIC\CXSTM8\Lib\libm0.sm8)fadd.o
                                                       (D:\Program Files (x86)\COSMIC\CXSTM8\Lib\libm0.sm8)fmul.o
                                                       (D:\Program Files (x86)\COSMIC\CXSTM8\Lib\libm0.sm8)lmul.o
                                                       (D:\Program Files (x86)\COSMIC\CXSTM8\Lib\libm0.sm8)ldiv.o
                                                       (D:\Program Files (x86)\COSMIC\CXSTM8\Lib\libm0.sm8)sdivx.o
c_y                                 000000a6   defined in (D:\Program Files (x86)\COSMIC\CXSTM8\Lib\libm0.sm8)yreg.o section .ubsct
                                               used in D:\Program Files (x86)\COSMIC\CXSTM8\Lib\crtsi0.sm8
                                                       Debug\i2c_slave_interrupt.o
                                                       Debug\main.o
f_ADC1_IRQHandler                   ********   *** removed from Debug\stm8s_it.o ***
f_AWU_IRQHandler                    ********   *** removed from Debug\stm8s_it.o ***
f_CLK_IRQHandler                    ********   *** removed from Debug\stm8s_it.o ***
f_EEPROM_EEC_IRQHandler             ********   *** removed from Debug\stm8s_it.o ***
f_EXTI_PORTA_IRQHandler             ********   *** removed from Debug\stm8s_it.o ***
f_EXTI_PORTB_IRQHandler             ********   *** removed from Debug\stm8s_it.o ***
f_EXTI_PORTC_IRQHandler             ********   *** removed from Debug\stm8s_it.o ***
f_EXTI_PORTD_IRQHandler             ********   *** removed from Debug\stm8s_it.o ***
f_EXTI_PORTE_IRQHandler             ********   *** removed from Debug\stm8s_it.o ***
f_Ext_PortD_ISR                     00008f86   defined in Debug\main.o section .text
                                               used in Debug\stm8_interrupt_vector.o
f_I2C_Slave_check_event             00008c91   defined in Debug\i2c_slave_interrupt.o section .text
                                               used in Debug\stm8_interrupt_vector.o
f_NonHandledInterrupt               000099b3   defined in Debug\stm8_interrupt_vector.o section .text
f_SPI_IRQHandler                    ********   *** removed from Debug\stm8s_it.o ***
f_TIM1_CAP_COM_IRQHandler           ********   *** removed from Debug\stm8s_it.o ***
f_TIM1_UPD_OVF_TRG_BRK_IRQHandler   ********   *** removed from Debug\stm8s_it.o ***
f_TIM2_CAP_COM_IRQHandler           ********   *** removed from Debug\stm8s_it.o ***
f_TIM2_UPD_OVF_BRK_IRQHandler       ********   *** removed from Debug\stm8s_it.o ***
f_TLI_IRQHandler                    ********   *** removed from Debug\stm8s_it.o ***
f_TRAP_IRQHandler                   ********   *** removed from Debug\stm8s_it.o ***
f_Timer2_ISR                        00009115   defined in Debug\main.o section .text
                                               used in Debug\stm8_interrupt_vector.o
f_Timer4_ISR                        00009078   defined in Debug\main.o section .text
                                               used in Debug\stm8_interrupt_vector.o
f_UART1_RX_IRQHandler               ********   *** removed from Debug\stm8s_it.o ***
f_UART1_TX_IRQHandler               ********   *** removed from Debug\stm8s_it.o ***
